Archive member included to satisfy reference by file (symbol)

/home/fangjiang/workspace/optee-os/out/arm-plat-mediatek/export-ta_arm64/lib/libutee.a(utee_syscalls_a64.o)
                              ./user_ta_header.o (_utee_return)
/home/fangjiang/workspace/optee-os/out/arm-plat-mediatek/export-ta_arm64/lib/libutee.a(user_ta_entry.o)
                              ./user_ta_header.o (__utee_entry)
/home/fangjiang/workspace/optee-os/out/arm-plat-mediatek/export-ta_arm64/lib/libutee.a(abort.o)
                              /home/fangjiang/workspace/optee-os/out/arm-plat-mediatek/export-ta_arm64/lib/libutee.a(user_ta_entry.o) (abort)
/home/fangjiang/workspace/optee-os/out/arm-plat-mediatek/export-ta_arm64/lib/libutee.a(trace_ext.o)
                              /home/fangjiang/workspace/optee-os/out/arm-plat-mediatek/export-ta_arm64/lib/libutee.a(abort.o) (puts)
/home/fangjiang/workspace/optee-os/out/arm-plat-mediatek/export-ta_arm64/lib/libutee.a(tee_api.o)
                              /home/fangjiang/workspace/optee-os/out/arm-plat-mediatek/export-ta_arm64/lib/libutee.a(user_ta_entry.o) (TEE_Malloc)
/home/fangjiang/workspace/optee-os/out/arm-plat-mediatek/export-ta_arm64/lib/libutee.a(tee_api_arith_mpi.o)
                              /home/fangjiang/workspace/optee-os/out/arm-plat-mediatek/export-ta_arm64/lib/libutee.a(user_ta_entry.o) (_TEE_MathAPI_Init)
/home/fangjiang/workspace/optee-os/out/arm-plat-mediatek/export-ta_arm64/lib/libutee.a(tee_api_panic.o)
                              /home/fangjiang/workspace/optee-os/out/arm-plat-mediatek/export-ta_arm64/lib/libutee.a(user_ta_entry.o) (TEE_Panic)
/home/fangjiang/workspace/optee-os/out/arm-plat-mediatek/export-ta_arm64/lib/libutee.a(tee_system_pta.o)
                              /home/fangjiang/workspace/optee-os/out/arm-plat-mediatek/export-ta_arm64/lib/libutee.a(tee_api.o) (tee_map_zi)
/home/fangjiang/workspace/optee-os/out/arm-plat-mediatek/export-ta_arm64/lib/libutee.a(tcb.o)
                              /home/fangjiang/workspace/optee-os/out/arm-plat-mediatek/export-ta_arm64/lib/libutee.a(user_ta_entry.o) (__utee_tcb_init)
/home/fangjiang/workspace/optee-os/out/arm-plat-mediatek/export-ta_arm64/lib/libutee.a(assert.o)
                              /home/fangjiang/workspace/optee-os/out/arm-plat-mediatek/export-ta_arm64/lib/libutee.a(tcb.o) (_assert_log)
/home/fangjiang/workspace/optee-os/out/arm-plat-mediatek/export-ta_arm64/lib/libmbedtls.a(bignum.o)
                              /home/fangjiang/workspace/optee-os/out/arm-plat-mediatek/export-ta_arm64/lib/libutee.a(tee_api_arith_mpi.o) (mbedtls_mpi_init_mempool)
/home/fangjiang/workspace/optee-os/out/arm-plat-mediatek/export-ta_arm64/lib/libmbedtls.a(platform_util.o)
                              /home/fangjiang/workspace/optee-os/out/arm-plat-mediatek/export-ta_arm64/lib/libmbedtls.a(bignum.o) (mbedtls_platform_zeroize)
/home/fangjiang/workspace/optee-os/out/arm-plat-mediatek/export-ta_arm64/lib/libutils.a(bget_malloc.o)
                              /home/fangjiang/workspace/optee-os/out/arm-plat-mediatek/export-ta_arm64/lib/libutee.a(user_ta_entry.o) (malloc)
/home/fangjiang/workspace/optee-os/out/arm-plat-mediatek/export-ta_arm64/lib/libutils.a(snprintf.o)
                              /home/fangjiang/workspace/optee-os/out/arm-plat-mediatek/export-ta_arm64/lib/libutee.a(trace_ext.o) (vsnprintf)
/home/fangjiang/workspace/optee-os/out/arm-plat-mediatek/export-ta_arm64/lib/libutils.a(stack_check.o)
                              /home/fangjiang/workspace/optee-os/out/arm-plat-mediatek/export-ta_arm64/lib/libutee.a(user_ta_entry.o) (__stack_chk_fail)
/home/fangjiang/workspace/optee-os/out/arm-plat-mediatek/export-ta_arm64/lib/libutils.a(memcpy.o)
                              /home/fangjiang/workspace/optee-os/out/arm-plat-mediatek/export-ta_arm64/lib/libutee.a(user_ta_entry.o) (memcpy)
/home/fangjiang/workspace/optee-os/out/arm-plat-mediatek/export-ta_arm64/lib/libutils.a(memmove.o)
                              /home/fangjiang/workspace/optee-os/out/arm-plat-mediatek/export-ta_arm64/lib/libutee.a(tee_api.o) (memmove)
/home/fangjiang/workspace/optee-os/out/arm-plat-mediatek/export-ta_arm64/lib/libutils.a(memset.o)
                              /home/fangjiang/workspace/optee-os/out/arm-plat-mediatek/export-ta_arm64/lib/libutee.a(tee_api.o) (memset)
/home/fangjiang/workspace/optee-os/out/arm-plat-mediatek/export-ta_arm64/lib/libutils.a(strlen.o)
                              /home/fangjiang/workspace/optee-os/out/arm-plat-mediatek/export-ta_arm64/lib/libutee.a(trace_ext.o) (strlen)
/home/fangjiang/workspace/optee-os/out/arm-plat-mediatek/export-ta_arm64/lib/libutils.a(snprintk.o)
                              /home/fangjiang/workspace/optee-os/out/arm-plat-mediatek/export-ta_arm64/lib/libutils.a(snprintf.o) (__vsnprintf)
/home/fangjiang/workspace/optee-os/out/arm-plat-mediatek/export-ta_arm64/lib/libutils.a(trace.o)
[...]
Memory Configuration

Name             Origin             Length             Attributes
*default*        0x0000000000000000 0xffffffffffffffff

Linker script and memory map


.ta_head        0x0000000000000000       0x20
 *(SORT_BY_ALIGNMENT(.ta_head))
 .ta_head       0x0000000000000000       0x20 ./user_ta_header.o
                0x0000000000000000                ta_head

.text           0x0000000000000020     0xa348
                0x0000000000000020                __text_start = .
 *(SORT_BY_ALIGNMENT(.text) SORT_BY_ALIGNMENT(.text.*))
 .text          0x0000000000000020       0xec /home/fangjiang/workspace/optee-os/out/arm-plat-mediatek/export-ta_arm64/lib/libutils.a(memcpy.o)
                0x0000000000000020                memcpy
 .text          0x000000000000010c      0x174 ./store_stride_ta.o
                0x00000000000001bc                TA_CreateEntryPoint
                0x00000000000001c4                TA_DestroyEntryPoint
                0x00000000000001c8                TA_OpenSessionEntryPoint
                0x00000000000001d0                TA_CloseSessionEntryPoint
                0x00000000000001d4                TA_InvokeCommandEntryPoint
 .text          0x0000000000000280       0x1c ./user_ta_header.o
                0x0000000000000280                __ta_entry
                0x0000000000000294                tahead_get_trace_level
 .text._utee_panic
                0x000000000000029c        0xc /home/fangjiang/workspace/optee-os/out/arm-plat-mediatek/export-ta_arm64/lib/libutee.a(utee_syscalls_a64.o)
                0x000000000000029c                _utee_panic
 .text._utee_return
                0x00000000000002a8        0xc /home/fangjiang/workspace/optee-os/out/arm-plat-mediatek/export-ta_arm64/lib/libutee.a(utee_syscalls_a64.o)
                0x00000000000002a8                _utee_return
 .text._utee_log
                0x00000000000002b4        0xc /home/fangjiang/workspace/optee-os/out/arm-plat-mediatek/export-ta_arm64/lib/libutee.a(utee_syscalls_a64.o)
                0x00000000000002b4                _utee_log
 .text.__utee_panic
                0x00000000000002c0        0xc /home/fangjiang/workspace/optee-os/out/arm-plat-mediatek/export-ta_arm64/lib/libutee.a(utee_syscalls_a64.o)
                0x00000000000002c0                __utee_panic
 .text._utee_get_property
                0x00000000000002cc        0xc /home/fangjiang/workspace/optee-os/out/arm-plat-mediatek/export-ta_arm64/lib/libutee.a(utee_syscalls_a64.o)
                0x00000000000002cc                _utee_get_property
 .text._utee_get_property_name_to_index
                0x00000000000002d8        0xc /home/fangjiang/workspace/optee-os/out/arm-plat-mediatek/export-ta_arm64/lib/libutee.a(utee_syscalls_a64.o)
                0x00000000000002d8                _utee_get_property_name_to_index
 .text._utee_open_ta_session
                0x00000000000002e4        0xc /home/fangjiang/workspace/optee-os/out/arm-plat-mediatek/export-ta_arm64/lib/libutee.a(utee_syscalls_a64.o)
                0x00000000000002e4                _utee_open_ta_session
 .text._utee_close_ta_session
                0x00000000000002f0        0xc /home/fangjiang/workspace/optee-os/out/arm-plat-mediatek/export-ta_arm64/lib/libutee.a(utee_syscalls_a64.o)
                0x00000000000002f0                _utee_close_ta_session
 .text._utee_invoke_ta_command
                0x00000000000002fc        0xc /home/fangjiang/workspace/optee-os/out/arm-plat-mediatek/export-ta_arm64/lib/libutee.a(utee_syscalls_a64.o)
                0x00000000000002fc                _utee_invoke_ta_command
 .text._utee_get_cancellation_flag
                0x0000000000000308        0xc /home/fangjiang/workspace/optee-os/out/arm-plat-mediatek/export-ta_arm64/lib/libutee.a(utee_syscalls_a64.o)
                0x0000000000000308                _utee_get_cancellation_flag
 .text._utee_check_access_rights
                0x0000000000000314        0xc /home/fangjiang/workspace/optee-os/out/arm-plat-mediatek/export-ta_arm64/lib/libutee.a(utee_syscalls_a64.o)
                0x0000000000000314                _utee_check_access_rights
 .text._utee_unmask_cancellation
                0x0000000000000320        0xc /home/fangjiang/workspace/optee-os/out/arm-plat-mediatek/export-ta_arm64/lib/libutee.a(utee_syscalls_a64.o)
                0x0000000000000320                _utee_unmask_cancellation
 .text._utee_mask_cancellation
                0x000000000000032c        0xc /home/fangjiang/workspace/optee-os/out/arm-plat-mediatek/export-ta_arm64/lib/libutee.a(utee_syscalls_a64.o)
                0x000000000000032c                _utee_mask_cancellation
 .text._utee_wait
                0x0000000000000338        0xc /home/fangjiang/workspace/optee-os/out/arm-plat-mediatek/export-ta_arm64/lib/libutee.a(utee_syscalls_a64.o)
                0x0000000000000338                _utee_wait
 .text._utee_get_time
                0x0000000000000344        0xc /home/fangjiang/workspace/optee-os/out/arm-plat-mediatek/export-ta_arm64/lib/libutee.a(utee_syscalls_a64.o)
                0x0000000000000344                _utee_get_time
 .text._utee_set_ta_time
                0x0000000000000350        0xc /home/fangjiang/workspace/optee-os/out/arm-plat-mediatek/export-ta_arm64/lib/libutee.a(utee_syscalls_a64.o)
                0x0000000000000350                _utee_set_ta_time
 .text._utee_cryp_state_alloc
                0x000000000000035c        0xc /home/fangjiang/workspace/optee-os/out/arm-plat-mediatek/export-ta_arm64/lib/libutee.a(utee_syscalls_a64.o)
                0x000000000000035c                _utee_cryp_state_alloc
 .text._utee_cryp_state_copy
                0x0000000000000368        0xc /home/fangjiang/workspace/optee-os/out/arm-plat-mediatek/export-ta_arm64/lib/libutee.a(utee_syscalls_a64.o)
                0x0000000000000368                _utee_cryp_state_copy
 .text._utee_cryp_state_free
                0x0000000000000374        0xc /home/fangjiang/workspace/optee-os/out/arm-plat-mediatek/export-ta_arm64/lib/libutee.a(utee_syscalls_a64.o)
                0x0000000000000374                _utee_cryp_state_free
 .text._utee_hash_init
                0x0000000000000380        0xc /home/fangjiang/workspace/optee-os/out/arm-plat-mediatek/export-ta_arm64/lib/libutee.a(utee_syscalls_a64.o)
                0x0000000000000380                _utee_hash_init
 .text._utee_hash_update
                0x000000000000038c        0xc /home/fangjiang/workspace/optee-os/out/arm-plat-mediatek/export-ta_arm64/lib/libutee.a(utee_syscalls_a64.o)
                0x000000000000038c                _utee_hash_update
 .text._utee_hash_final
                0x0000000000000398        0xc /home/fangjiang/workspace/optee-os/out/arm-plat-mediatek/export-ta_arm64/lib/libutee.a(utee_syscalls_a64.o)
                0x0000000000000398                _utee_hash_final
 .text._utee_cipher_init
                0x00000000000003a4        0xc /home/fangjiang/workspace/optee-os/out/arm-plat-mediatek/export-ta_arm64/lib/libutee.a(utee_syscalls_a64.o)
                0x00000000000003a4                _utee_cipher_init
 .text._utee_cipher_update
                0x00000000000003b0        0xc /home/fangjiang/workspace/optee-os/out/arm-plat-mediatek/export-ta_arm64/lib/libutee.a(utee_syscalls_a64.o)
                0x00000000000003b0                _utee_cipher_update
 .text._utee_cipher_final
                0x00000000000003bc        0xc /home/fangjiang/workspace/optee-os/out/arm-plat-mediatek/export-ta_arm64/lib/libutee.a(utee_syscalls_a64.o)
                0x00000000000003bc                _utee_cipher_final
 .text._utee_cryp_obj_get_info
                0x00000000000003c8        0xc /home/fangjiang/workspace/optee-os/out/arm-plat-mediatek/export-ta_arm64/lib/libutee.a(utee_syscalls_a64.o)
                0x00000000000003c8                _utee_cryp_obj_get_info
 .text._utee_cryp_obj_restrict_usage
                0x00000000000003d4        0xc /home/fangjiang/workspace/optee-os/out/arm-plat-mediatek/export-ta_arm64/lib/libutee.a(utee_syscalls_a64.o)
                0x00000000000003d4                _utee_cryp_obj_restrict_usage
 .text._utee_cryp_obj_get_attr
                0x00000000000003e0        0xc /home/fangjiang/workspace/optee-os/out/arm-plat-mediatek/export-ta_arm64/lib/libutee.a(utee_syscalls_a64.o)
                0x00000000000003e0                _utee_cryp_obj_get_attr
 .text._utee_cryp_obj_alloc
                0x00000000000003ec        0xc /home/fangjiang/workspace/optee-os/out/arm-plat-mediatek/export-ta_arm64/lib/libutee.a(utee_syscalls_a64.o)
                0x00000000000003ec                _utee_cryp_obj_alloc
 .text._utee_cryp_obj_close
                0x00000000000003f8        0xc /home/fangjiang/workspace/optee-os/out/arm-plat-mediatek/export-ta_arm64/lib/libutee.a(utee_syscalls_a64.o)
                0x00000000000003f8                _utee_cryp_obj_close
 .text._utee_cryp_obj_reset
                0x0000000000000404        0xc /home/fangjiang/workspace/optee-os/out/arm-plat-mediatek/export-ta_arm64/lib/libutee.a(utee_syscalls_a64.o)
                0x0000000000000404                _utee_cryp_obj_reset
 .text._utee_cryp_obj_populate
                0x0000000000000410        0xc /home/fangjiang/workspace/optee-os/out/arm-plat-mediatek/export-ta_arm64/lib/libutee.a(utee_syscalls_a64.o)
                0x0000000000000410                _utee_cryp_obj_populate
 .text._utee_cryp_obj_copy
                0x000000000000041c        0xc /home/fangjiang/workspace/optee-os/out/arm-plat-mediatek/export-ta_arm64/lib/libutee.a(utee_syscalls_a64.o)
                0x000000000000041c                _utee_cryp_obj_copy
 .text._utee_cryp_derive_key
                0x0000000000000428        0xc /home/fangjiang/workspace/optee-os/out/arm-plat-mediatek/export-ta_arm64/lib/libutee.a(utee_syscalls_a64.o)
                0x0000000000000428                _utee_cryp_derive_key
 .text._utee_cryp_random_number_generate
                0x0000000000000434        0xc /home/fangjiang/workspace/optee-os/out/arm-plat-mediatek/export-ta_arm64/lib/libutee.a(utee_syscalls_a64.o)
                0x0000000000000434                _utee_cryp_random_number_generate
 .text._utee_authenc_init
                0x0000000000000440        0xc /home/fangjiang/workspace/optee-os/out/arm-plat-mediatek/export-ta_arm64/lib/libutee.a(utee_syscalls_a64.o)
                0x0000000000000440                _utee_authenc_init
 .text._utee_authenc_update_aad
                0x000000000000044c        0xc /home/fangjiang/workspace/optee-os/out/arm-plat-mediatek/export-ta_arm64/lib/libutee.a(utee_syscalls_a64.o)
                0x000000000000044c                _utee_authenc_update_aad
 .text._utee_authenc_update_payload
                0x0000000000000458        0xc /home/fangjiang/workspace/optee-os/out/arm-plat-mediatek/export-ta_arm64/lib/libutee.a(utee_syscalls_a64.o)
                0x0000000000000458                _utee_authenc_update_payload
 .text._utee_authenc_enc_final
                0x0000000000000464        0xc /home/fangjiang/workspace/optee-os/out/arm-plat-mediatek/export-ta_arm64/lib/libutee.a(utee_syscalls_a64.o)
                0x0000000000000464                _utee_authenc_enc_final
 .text._utee_authenc_dec_final
                0x0000000000000470        0xc /home/fangjiang/workspace/optee-os/out/arm-plat-mediatek/export-ta_arm64/lib/libutee.a(utee_syscalls_a64.o)
                0x0000000000000470                _utee_authenc_dec_final
 .text._utee_asymm_operate
                0x000000000000047c        0xc /home/fangjiang/workspace/optee-os/out/arm-plat-mediatek/export-ta_arm64/lib/libutee.a(utee_syscalls_a64.o)
                0x000000000000047c                _utee_asymm_operate
 .text._utee_asymm_verify
                0x0000000000000488        0xc /home/fangjiang/workspace/optee-os/out/arm-plat-mediatek/export-ta_arm64/lib/libutee.a(utee_syscalls_a64.o)
                0x0000000000000488                _utee_asymm_verify
 .text._utee_storage_obj_open
                0x0000000000000494        0xc /home/fangjiang/workspace/optee-os/out/arm-plat-mediatek/export-ta_arm64/lib/libutee.a(utee_syscalls_a64.o)
                0x0000000000000494                _utee_storage_obj_open
 .text._utee_storage_obj_create
                0x00000000000004a0        0xc /home/fangjiang/workspace/optee-os/out/arm-plat-mediatek/export-ta_arm64/lib/libutee.a(utee_syscalls_a64.o)
                0x00000000000004a0                _utee_storage_obj_create
 .text._utee_storage_obj_del
                0x00000000000004ac        0xc /home/fangjiang/workspace/optee-os/out/arm-plat-mediatek/export-ta_arm64/lib/libutee.a(utee_syscalls_a64.o)
                0x00000000000004ac                _utee_storage_obj_del
 .text._utee_storage_obj_rename
                0x00000000000004b8        0xc /home/fangjiang/workspace/optee-os/out/arm-plat-mediatek/export-ta_arm64/lib/libutee.a(utee_syscalls_a64.o)
                0x00000000000004b8                _utee_storage_obj_rename
 .text._utee_storage_alloc_enum
                0x00000000000004c4        0xc /home/fangjiang/workspace/optee-os/out/arm-plat-mediatek/export-ta_arm64/lib/libutee.a(utee_syscalls_a64.o)
                0x00000000000004c4                _utee_storage_alloc_enum
 .text._utee_storage_free_enum
                0x00000000000004d0        0xc /home/fangjiang/workspace/optee-os/out/arm-plat-mediatek/export-ta_arm64/lib/libutee.a(utee_syscalls_a64.o)
                0x00000000000004d0                _utee_storage_free_enum
 .text._utee_storage_reset_enum
                0x00000000000004dc        0xc /home/fangjiang/workspace/optee-os/out/arm-plat-mediatek/export-ta_arm64/lib/libutee.a(utee_syscalls_a64.o)
                0x00000000000004dc                _utee_storage_reset_enum
 .text._utee_storage_start_enum
                0x00000000000004e8        0xc /home/fangjiang/workspace/optee-os/out/arm-plat-mediatek/export-ta_arm64/lib/libutee.a(utee_syscalls_a64.o)
                0x00000000000004e8                _utee_storage_start_enum
 .text._utee_storage_next_enum
                0x00000000000004f4        0xc /home/fangjiang/workspace/optee-os/out/arm-plat-mediatek/export-ta_arm64/lib/libutee.a(utee_syscalls_a64.o)
                0x00000000000004f4                _utee_storage_next_enum
 .text._utee_storage_obj_read
                0x0000000000000500        0xc /home/fangjiang/workspace/optee-os/out/arm-plat-mediatek/export-ta_arm64/lib/libutee.a(utee_syscalls_a64.o)
                0x0000000000000500                _utee_storage_obj_read
 .text._utee_storage_obj_write
                0x000000000000050c        0xc /home/fangjiang/workspace/optee-os/out/arm-plat-mediatek/export-ta_arm64/lib/libutee.a(utee_syscalls_a64.o)
                0x000000000000050c                _utee_storage_obj_write
 .text._utee_storage_obj_trunc
                0x0000000000000518        0xc /home/fangjiang/workspace/optee-os/out/arm-plat-mediatek/export-ta_arm64/lib/libutee.a(utee_syscalls_a64.o)
                0x0000000000000518                _utee_storage_obj_trunc
 .text._utee_storage_obj_seek
                0x0000000000000524        0xc /home/fangjiang/workspace/optee-os/out/arm-plat-mediatek/export-ta_arm64/lib/libutee.a(utee_syscalls_a64.o)
                0x0000000000000524                _utee_storage_obj_seek
 .text._utee_cryp_obj_generate_key
                0x0000000000000530        0xc /home/fangjiang/workspace/optee-os/out/arm-plat-mediatek/export-ta_arm64/lib/libutee.a(utee_syscalls_a64.o)
                0x0000000000000530                _utee_cryp_obj_generate_key
 .text._utee_cache_operation
                0x000000000000053c        0xc /home/fangjiang/workspace/optee-os/out/arm-plat-mediatek/export-ta_arm64/lib/libutee.a(utee_syscalls_a64.o)
                0x000000000000053c                _utee_cache_operation
 .text          0x0000000000000548      0x718 /home/fangjiang/workspace/optee-os/out/arm-plat-mediatek/export-ta_arm64/lib/libutee.a(user_ta_entry.o)
                0x000000000000081c                __utee_call_elf_init_fn
                0x0000000000000970                __utee_call_elf_fini_fn
                0x0000000000000a14                __utee_entry
 .text.unlikely
                0x0000000000000c60       0x20 /home/fangjiang/workspace/optee-os/out/arm-plat-mediatek/export-ta_arm64/lib/libutee.a(abort.o)
                0x0000000000000c60                abort
 .text          0x0000000000000c80      0x1e8 /home/fangjiang/workspace/optee-os/out/arm-plat-mediatek/export-ta_arm64/lib/libutee.a(trace_ext.o)
                0x0000000000000c80                trace_ext_puts
                0x0000000000000ca8                trace_ext_get_thread_id
                0x0000000000000cb0                printf
                0x0000000000000db0                puts
                0x0000000000000df0                putchar
 .text          0x0000000000000e68      0x8f8 /home/fangjiang/workspace/optee-os/out/arm-plat-mediatek/export-ta_arm64/lib/libutee.a(tee_api.o)
                0x0000000000000f10                TEE_CloseTASession
                0x0000000000000f38                TEE_GetCancellationFlag
                0x0000000000000fa0                TEE_UnmaskCancellation
                0x0000000000001008                TEE_MaskCancellation
                0x0000000000001070                TEE_CheckMemoryAccessRights
                0x0000000000001290                TEE_OpenTASession
                0x00000000000013c4                TEE_InvokeTACommand
                0x0000000000001528                TEE_SetInstanceData
                0x0000000000001534                TEE_GetInstanceData
                0x0000000000001540                TEE_MemMove
                0x0000000000001548                TEE_MemCompare
                0x0000000000001550                TEE_MemFill
                0x0000000000001558                TEE_GetSystemTime
                0x0000000000001580                TEE_Wait
                0x00000000000015bc                TEE_GetTAPersistentTime
                0x0000000000001634                TEE_SetTAPersistentTime
                0x0000000000001678                TEE_GetREETime
                0x00000000000016a0                TEE_Malloc
                0x0000000000001708                TEE_Free
                0x0000000000001718                TEE_Realloc
                0x0000000000001748                TEE_CacheClean
                0x0000000000001750                TEE_CacheFlush
                0x0000000000001758                TEE_CacheInvalidate
 .text          0x0000000000001760     0x1e38 /home/fangjiang/workspace/optee-os/out/arm-plat-mediatek/export-ta_arm64/lib/libutee.a(tee_api_arith_mpi.o)
                0x0000000000001fd4                _TEE_MathAPI_Init
                0x0000000000002024                TEE_BigIntInit
                0x0000000000002088                TEE_BigIntConvertFromOctetString
                0x0000000000002158                TEE_BigIntConvertToOctetString
                0x0000000000002228                TEE_BigIntConvertFromS32
                0x00000000000022e4                TEE_BigIntConvertToS32
                0x00000000000023a8                TEE_BigIntCmp
                0x0000000000002448                TEE_BigIntCmpS32
                0x00000000000026a8                TEE_BigIntShiftRight
                0x0000000000002850                TEE_BigIntGetBit
                0x00000000000028dc                TEE_BigIntGetBitCount
                0x000000000000295c                TEE_BigIntAdd
                0x0000000000002968                TEE_BigIntSub
                0x0000000000002974                TEE_BigIntNeg
                0x0000000000002a60                TEE_BigIntMul
                0x0000000000002b7c                TEE_BigIntSquare
                0x0000000000002b84                TEE_BigIntDiv
                0x0000000000002d40                TEE_BigIntMod
                0x0000000000002dac                TEE_BigIntAddMod
                0x0000000000002db8                TEE_BigIntSubMod
                0x0000000000002dc4                TEE_BigIntMulMod
                0x0000000000002dd0                TEE_BigIntSquareMod
                0x0000000000002ddc                TEE_BigIntInvMod
                0x0000000000002f34                TEE_BigIntRelativePrime
                0x0000000000003044                TEE_BigIntComputeExtendedGcd
                0x00000000000032b4                TEE_BigIntIsProbablePrime
                0x0000000000003344                TEE_BigIntInitFMM
                0x0000000000003348                TEE_BigIntInitFMMContext
                0x000000000000334c                TEE_BigIntFMMSizeInU32
                0x000000000000335c                TEE_BigIntFMMContextSizeInU32
                0x0000000000003364                TEE_BigIntConvertToFMM
                0x0000000000003368                TEE_BigIntConvertFromFMM
                0x0000000000003444                TEE_BigIntComputeFMM
 .text          0x0000000000003598      0x160 /home/fangjiang/workspace/optee-os/out/arm-plat-mediatek/export-ta_arm64/lib/libutee.a(tee_api_panic.o)
                0x00000000000035b4                TEE_Panic
                0x00000000000035cc                __utee_check_outbuf_annotation
                0x0000000000003618                __utee_check_instring_annotation
                0x0000000000003648                __utee_check_outstring_annotation
                0x0000000000003694                __utee_check_out_annotation
                0x00000000000036b4                __utee_check_attr_in_annotation
                0x00000000000036d8                __utee_check_inout_annotation
 .text          0x00000000000036f8      0x2d8 /home/fangjiang/workspace/optee-os/out/arm-plat-mediatek/export-ta_arm64/lib/libutee.a(tee_system_pta.o)
                0x000000000000377c                tee_map_zi
                0x0000000000003818                tee_unmap
                0x00000000000038dc                tee_invoke_supp_plugin
 .text          0x00000000000039d0      0x34c /home/fangjiang/workspace/optee-os/out/arm-plat-mediatek/export-ta_arm64/lib/libutee.a(tcb.o)
                0x00000000000039d0                __utee_tcb_init
                0x0000000000003c10                __tls_get_addr
                0x0000000000003c2c                dl_iterate_phdr
 .text          0x0000000000003d1c       0x58 /home/fangjiang/workspace/optee-os/out/arm-plat-mediatek/export-ta_arm64/lib/libutee.a(assert.o)
                0x0000000000003d1c                _assert_log
                0x0000000000003d60                _assert_break
 .text          0x0000000000003d74     0x44cc /home/fangjiang/workspace/optee-os/out/arm-plat-mediatek/export-ta_arm64/lib/libmbedtls.a(bignum.o)
                0x0000000000004594                mbedtls_mpi_init
                0x00000000000045a4                mbedtls_mpi_init_mempool
                0x00000000000045cc                mbedtls_mpi_free
                0x0000000000004638                mbedtls_mpi_grow
                0x000000000000478c                mbedtls_mpi_shrink
                0x00000000000048a4                mbedtls_mpi_copy
                0x0000000000004970                mbedtls_mpi_swap
                0x0000000000004a04                mbedtls_mpi_safe_cond_assign
                0x0000000000004aa8                mbedtls_mpi_safe_cond_swap
                0x0000000000004ba8                mbedtls_mpi_lset
                0x0000000000004c10                mbedtls_mpi_get_bit
                0x0000000000004c3c                mbedtls_mpi_set_bit
                0x0000000000004cc8                mbedtls_mpi_lsb
                0x0000000000004d1c                mbedtls_mpi_bitlen
                0x0000000000004d78                mbedtls_mpi_size
                0x0000000000004d94                mbedtls_mpi_read_binary_le
                0x0000000000004e0c                mbedtls_mpi_read_binary
                0x0000000000004e90                mbedtls_mpi_write_binary_le
                0x0000000000004f48                mbedtls_mpi_write_binary
                0x000000000000500c                mbedtls_mpi_shift_l
                0x000000000000511c                mbedtls_mpi_shift_r
                0x00000000000051dc                mbedtls_mpi_cmp_abs
                0x0000000000005278                mbedtls_mpi_cmp_mpi
                0x0000000000005348                mbedtls_mpi_lt_mpi_ct
                0x000000000000540c                mbedtls_mpi_cmp_int
                0x000000000000548c                mbedtls_mpi_add_abs
                0x00000000000055ac                mbedtls_mpi_sub_abs
                0x0000000000005708                mbedtls_mpi_add_mpi
                0x0000000000005790                mbedtls_mpi_sub_mpi
                0x000000000000581c                mbedtls_mpi_add_int
                0x000000000000589c                mbedtls_mpi_sub_int
                0x000000000000591c                mbedtls_mpi_mul_mpi
                0x0000000000005ad0                mbedtls_mpi_mul_int
                0x0000000000005b78                mbedtls_mpi_read_string
                0x0000000000005d8c                mbedtls_mpi_div_mpi
                0x00000000000062b4                mbedtls_mpi_div_int
                0x0000000000006334                mbedtls_mpi_mod_mpi
                0x00000000000063e8                mbedtls_mpi_mod_int
                0x0000000000006488                mbedtls_mpi_write_string
                0x00000000000067d0                mbedtls_mpi_montg_init
                0x00000000000067d8                mbedtls_mpi_montmul
                0x00000000000067dc                mbedtls_mpi_montred
                0x00000000000067e0                mbedtls_mpi_exp_mod
                0x0000000000006ebc                mbedtls_mpi_gcd
                0x000000000000709c                mbedtls_mpi_fill_random
                0x00000000000073b0                mbedtls_mpi_random
                0x0000000000007570                mbedtls_mpi_inv_mod
                0x00000000000079d0                mbedtls_mpi_is_prime_ext
                0x0000000000007ab4                mbedtls_mpi_is_prime
                0x0000000000007ac4                mbedtls_mpi_gen_prime
                0x0000000000007e18                mbedtls_mpi_self_test
 .text          0x0000000000008240       0x20 /home/fangjiang/workspace/optee-os/out/arm-plat-mediatek/export-ta_arm64/lib/libmbedtls.a(platform_util.o)
                0x0000000000008240                mbedtls_platform_zeroize
 .text          0x0000000000008260      0xbc4 /home/fangjiang/workspace/optee-os/out/arm-plat-mediatek/export-ta_arm64/lib/libutils.a(bget_malloc.o)
                0x0000000000008260                bget
                0x0000000000008508                bgetz
                0x0000000000008594                brel
                0x0000000000008810                bgetr
                0x00000000000088e4                bpool
                0x00000000000089b8                raw_memalign
                0x0000000000008a0c                raw_malloc
                0x0000000000008a1c                raw_free
                0x0000000000008a2c                raw_calloc
                0x0000000000008a7c                raw_realloc
                0x0000000000008b88                malloc
                0x0000000000008ba0                calloc
                0x0000000000008bbc                realloc
                0x0000000000008bd4                memalign
                0x0000000000008bf0                free
                0x0000000000008c00                free_wipe
                0x0000000000008c10                raw_malloc_get_ctx_size
                0x0000000000008c18                raw_malloc_init_ctx
                0x0000000000008c2c                raw_malloc_add_pool
                0x0000000000008c30                malloc_add_pool
                0x0000000000008c44                malloc_buffer_is_within_alloced
                0x0000000000008dc0                malloc_buffer_overlaps_heap
 .text          0x0000000000008e24      0x134 /home/fangjiang/workspace/optee-os/out/arm-plat-mediatek/export-ta_arm64/lib/libutils.a(snprintf.o)
                0x0000000000008e24                snprintf
                0x0000000000008f00                vsnprintf
 .text          0x0000000000008f58        0x4 /home/fangjiang/workspace/optee-os/out/arm-plat-mediatek/export-ta_arm64/lib/libutils.a(stack_check.o)
                0x0000000000008f58                __stack_chk_fail
 .text          0x0000000000008f5c       0x5c /home/fangjiang/workspace/optee-os/out/arm-plat-mediatek/export-ta_arm64/lib/libutils.a(memmove.o)
                0x0000000000008f5c                memmove
 .text          0x0000000000008fb8       0x1c /home/fangjiang/workspace/optee-os/out/arm-plat-mediatek/export-ta_arm64/lib/libutils.a(memset.o)
                0x0000000000008fb8                memset
 .text          0x0000000000008fd4       0x1c /home/fangjiang/workspace/optee-os/out/arm-plat-mediatek/export-ta_arm64/lib/libutils.a(strlen.o)
                0x0000000000008fd4                strlen
 .text          0x0000000000008ff0      0xe0c /home/fangjiang/workspace/optee-os/out/arm-plat-mediatek/export-ta_arm64/lib/libutils.a(snprintk.o)
                0x0000000000008ff0                __vsnprintf
                0x00000000000090bc                vsnprintk
                0x0000000000009114                snprintk
                0x0000000000009db0                __vsprintf
 .text          0x0000000000009dfc      0x340 /home/fangjiang/workspace/optee-os/out/arm-plat-mediatek/export-ta_arm64/lib/libutils.a(trace.o)
                0x0000000000009dfc                trace_set_level
                0x0000000000009e18                trace_get_level
                0x0000000000009e28                trace_vprintf
                0x000000000000a04c                trace_printf
                0x000000000000a138                dhex_dump
 .text          0x000000000000a13c      0x190 /home/fangjiang/workspace/optee-os/out/arm-plat-mediatek/export-ta_arm64/lib/libutils.a(mempool.o)
                0x000000000000a13c                mempool_alloc_pool
                0x000000000000a204                mempool_alloc
                0x000000000000a268                mempool_calloc
                0x000000000000a2b8                mempool_free
 .text          0x000000000000a2cc       0x70 /home/fangjiang/workspace/optee-os/out/arm-plat-mediatek/export-ta_arm64/lib/libutils.a(consttime_memcmp.o)
                0x000000000000a2cc                consttime_memcmp
 .text          0x000000000000a33c       0x2c /home/fangjiang/workspace/optee-os/out/arm-plat-mediatek/export-ta_arm64/lib/libutils.a(memchr.o)
                0x000000000000a33c                memchr
 .text          0x000000000000a368        0x0 /home/fangjiang/workspace/optee-os/out/arm-plat-mediatek/export-ta_arm64/lib/libutee.a(utee_syscalls_a64.o)
 .text          0x000000000000a368        0x0 /home/fangjiang/workspace/optee-os/out/arm-plat-mediatek/export-ta_arm64/lib/libutee.a(abort.o)
 *(SORT_BY_ALIGNMENT(.stub))
 *(SORT_BY_ALIGNMENT(.glue_7))
 *(SORT_BY_ALIGNMENT(.glue_7t))
 *(SORT_BY_ALIGNMENT(.gnu.linkonce.t.*))
 *(SORT_BY_ALIGNMENT(.vfp11_veneer))
                0x000000000000a368                __text_end = .

.note.gnu.property
 *(SORT_BY_ALIGNMENT(.note.gnu.property))

.plt            0x000000000000a368        0x0
 *(SORT_BY_ALIGNMENT(.plt))
 .plt           0x000000000000a368        0x0 ./store_stride_ta.o

.eh_frame_hdr
 *(SORT_BY_ALIGNMENT(.eh_frame_hdr))
 *(SORT_BY_ALIGNMENT(.eh_frame_entry) SORT_BY_ALIGNMENT(.eh_frame_entry.*))

.eh_frame       0x000000000000a368     0x1ef4
 *(SORT_BY_ALIGNMENT(.eh_frame))
 .eh_frame      0x000000000000a368       0xd0 ./store_stride_ta.o
 .eh_frame      0x000000000000a438       0x30 ./user_ta_header.o
                                         0x40 (size before relaxing)
 .eh_frame      0x000000000000a468      0x150 /home/fangjiang/workspace/optee-os/out/arm-plat-mediatek/export-ta_arm64/lib/libutee.a(user_ta_entry.o)
                                        0x168 (size before relaxing)
 .eh_frame      0x000000000000a5b8       0x18 /home/fangjiang/workspace/optee-os/out/arm-plat-mediatek/export-ta_arm64/lib/libutee.a(abort.o)
                                         0x30 (size before relaxing)
 .eh_frame      0x000000000000a5d0       0xa8 /home/fangjiang/workspace/optee-os/out/arm-plat-mediatek/export-ta_arm64/lib/libutee.a(trace_ext.o)
                                         0xc0 (size before relaxing)
 .eh_frame      0x000000000000a678      0x340 /home/fangjiang/workspace/optee-os/out/arm-plat-mediatek/export-ta_arm64/lib/libutee.a(tee_api.o)
                                        0x358 (size before relaxing)
 .eh_frame      0x000000000000a9b8      0x668 /home/fangjiang/workspace/optee-os/out/arm-plat-mediatek/export-ta_arm64/lib/libutee.a(tee_api_arith_mpi.o)
                                        0x678 (size before relaxing)
 .eh_frame      0x000000000000b020      0x110 /home/fangjiang/workspace/optee-os/out/arm-plat-mediatek/export-ta_arm64/lib/libutee.a(tee_api_panic.o)
                                        0x128 (size before relaxing)
 .eh_frame      0x000000000000b130       0xb0 /home/fangjiang/workspace/optee-os/out/arm-plat-mediatek/export-ta_arm64/lib/libutee.a(tee_system_pta.o)
                                         0xc0 (size before relaxing)
 .eh_frame      0x000000000000b1e0       0x90 /home/fangjiang/workspace/optee-os/out/arm-plat-mediatek/export-ta_arm64/lib/libutee.a(tcb.o)
                                         0xa0 (size before relaxing)
 .eh_frame      0x000000000000b270       0x38 /home/fangjiang/workspace/optee-os/out/arm-plat-mediatek/export-ta_arm64/lib/libutee.a(assert.o)
                                         0x50 (size before relaxing)
 .eh_frame      0x000000000000b2a8      0xa18 /home/fangjiang/workspace/optee-os/out/arm-plat-mediatek/export-ta_arm64/lib/libmbedtls.a(bignum.o)
                                        0xa28 (size before relaxing)
 .eh_frame      0x000000000000bcc0       0x18 /home/fangjiang/workspace/optee-os/out/arm-plat-mediatek/export-ta_arm64/lib/libmbedtls.a(platform_util.o)
                                         0x28 (size before relaxing)
 .eh_frame      0x000000000000bcd8      0x250 /home/fangjiang/workspace/optee-os/out/arm-plat-mediatek/export-ta_arm64/lib/libutils.a(bget_malloc.o)
                                        0x260 (size before relaxing)
 .eh_frame      0x000000000000bf28       0x58 /home/fangjiang/workspace/optee-os/out/arm-plat-mediatek/export-ta_arm64/lib/libutils.a(snprintf.o)
                                         0x70 (size before relaxing)
 .eh_frame      0x000000000000bf80       0x18 /home/fangjiang/workspace/optee-os/out/arm-plat-mediatek/export-ta_arm64/lib/libutils.a(stack_check.o)
                                         0x28 (size before relaxing)
 .eh_frame      0x000000000000bf98       0x18 /home/fangjiang/workspace/optee-os/out/arm-plat-mediatek/export-ta_arm64/lib/libutils.a(memcpy.o)
                                         0x28 (size before relaxing)
 .eh_frame      0x000000000000bfb0       0x18 /home/fangjiang/workspace/optee-os/out/arm-plat-mediatek/export-ta_arm64/lib/libutils.a(memmove.o)
                                         0x28 (size before relaxing)
 .eh_frame      0x000000000000bfc8       0x18 /home/fangjiang/workspace/optee-os/out/arm-plat-mediatek/export-ta_arm64/lib/libutils.a(memset.o)
                                         0x28 (size before relaxing)
 .eh_frame      0x000000000000bfe0       0x18 /home/fangjiang/workspace/optee-os/out/arm-plat-mediatek/export-ta_arm64/lib/libutils.a(strlen.o)
                                         0x28 (size before relaxing)
 .eh_frame      0x000000000000bff8       0xf0 /home/fangjiang/workspace/optee-os/out/arm-plat-mediatek/export-ta_arm64/lib/libutils.a(snprintk.o)
                                        0x108 (size before relaxing)
 .eh_frame      0x000000000000c0e8       0xb8 /home/fangjiang/workspace/optee-os/out/arm-plat-mediatek/export-ta_arm64/lib/libutils.a(trace.o)
                                         0xc8 (size before relaxing)
 .eh_frame      0x000000000000c1a0       0x88 /home/fangjiang/workspace/optee-os/out/arm-plat-mediatek/export-ta_arm64/lib/libutils.a(mempool.o)
                                         0xa0 (size before relaxing)
 .eh_frame      0x000000000000c228       0x20 /home/fangjiang/workspace/optee-os/out/arm-plat-mediatek/export-ta_arm64/lib/libutils.a(consttime_memcmp.o)
                                         0x30 (size before relaxing)
 .eh_frame      0x000000000000c248       0x14 /home/fangjiang/workspace/optee-os/out/arm-plat-mediatek/export-ta_arm64/lib/libutils.a(memchr.o)
                                         0x28 (size before relaxing)
 *(SORT_BY_ALIGNMENT(.eh_frame.*))

.gcc_except_table
 *(SORT_BY_ALIGNMENT(.gcc_except_table) SORT_BY_ALIGNMENT(.gcc_except_table.*))

.rodata         0x000000000000c260     0x1079
 *(SORT_BY_ALIGNMENT(.gnu.linkonce.r.*))
 *(SORT_BY_ALIGNMENT(.rodata) SORT_BY_ALIGNMENT(.rodata.*))
 .rodata.user_ta_header.c
                0x000000000000c260       0x23 ./user_ta_header.o
                0x000000000000c260                ta_num_props
                0x000000000000c278                ta_heap_size
                0x000000000000c280                trace_ext_prefix
 *fill*         0x000000000000c283        0x1 
 .rodata.store_stride_ta.c
                0x000000000000c284        0x4 ./store_stride_ta.o
 .rodata.lib/libutee/tee_system_pta.c
                0x000000000000c288       0x31 /home/fangjiang/workspace/optee-os/out/arm-plat-mediatek/export-ta_arm64/lib/libutee.a(tee_system_pta.o)
 *fill*         0x000000000000c2b9        0x3 
 .rodata.lib/libmbedtls/mbedtls/library/bignum.c
                0x000000000000c2bc      0x2c4 /home/fangjiang/workspace/optee-os/out/arm-plat-mediatek/export-ta_arm64/lib/libmbedtls.a(bignum.o)
 .rodata.lib/libutils/ext/snprintk.c
                0x000000000000c580       0xac /home/fangjiang/workspace/optee-os/out/arm-plat-mediatek/export-ta_arm64/lib/libutils.a(snprintk.o)
 .rodata.str1.1.user_ta_header.c
                0x000000000000c62c       0xf0 ./user_ta_header.o
 .rodata.str1.1.lib/libutee/arch/arm/user_ta_entry.c
                0x000000000000c71c       0x19 /home/fangjiang/workspace/optee-os/out/arm-plat-mediatek/export-ta_arm64/lib/libutee.a(user_ta_entry.o)
 .rodata.lib/libutee/arch/arm/user_ta_entry.c
                0x000000000000c735       0x16 /home/fangjiang/workspace/optee-os/out/arm-plat-mediatek/export-ta_arm64/lib/libutee.a(user_ta_entry.o)
 .rodata.str1.1.lib/libutee/abort.c
                0x000000000000c74b        0x7 /home/fangjiang/workspace/optee-os/out/arm-plat-mediatek/export-ta_arm64/lib/libutee.a(abort.o)
 .rodata.str1.1.lib/libutee/trace_ext.c
                0x000000000000c752        0x7 /home/fangjiang/workspace/optee-os/out/arm-plat-mediatek/export-ta_arm64/lib/libutee.a(trace_ext.o)
                                          0x2 (size before relaxing)
 .rodata.str1.1.lib/libutee/tee_api.c
                0x000000000000c752       0x11 /home/fangjiang/workspace/optee-os/out/arm-plat-mediatek/export-ta_arm64/lib/libutee.a(tee_api.o)
 .rodata.lib/libutee/tee_api.c
                0x000000000000c763        0xb /home/fangjiang/workspace/optee-os/out/arm-plat-mediatek/export-ta_arm64/lib/libutee.a(tee_api.o)
 .rodata.str1.1.lib/libutee/tee_api_arith_mpi.c
                0x000000000000c76e       0xb7 /home/fangjiang/workspace/optee-os/out/arm-plat-mediatek/export-ta_arm64/lib/libutee.a(tee_api_arith_mpi.o)
 .rodata.lib/libutee/tee_api_arith_mpi.c
                0x000000000000c825      0x13d /home/fangjiang/workspace/optee-os/out/arm-plat-mediatek/export-ta_arm64/lib/libutee.a(tee_api_arith_mpi.o)
 .rodata.str1.1.lib/libutee/tee_system_pta.c
                0x000000000000c962       0x55 /home/fangjiang/workspace/optee-os/out/arm-plat-mediatek/export-ta_arm64/lib/libutee.a(tee_system_pta.o)
 .rodata.str1.1.lib/libutee/arch/arm/tcb.c
                0x000000000000c9b7       0x96 /home/fangjiang/workspace/optee-os/out/arm-plat-mediatek/export-ta_arm64/lib/libutee.a(tcb.o)
 .rodata.lib/libutee/arch/arm/tcb.c
                0x000000000000ca4d       0x20 /home/fangjiang/workspace/optee-os/out/arm-plat-mediatek/export-ta_arm64/lib/libutee.a(tcb.o)
 .rodata.str1.1.lib/libutee/assert.c
                0x000000000000ca6d       0x27 /home/fangjiang/workspace/optee-os/out/arm-plat-mediatek/export-ta_arm64/lib/libutee.a(assert.o)
 .rodata.str1.1.lib/libmbedtls/mbedtls/library/bignum.c
                0x000000000000ca94      0x456 /home/fangjiang/workspace/optee-os/out/arm-plat-mediatek/export-ta_arm64/lib/libmbedtls.a(bignum.o)
                                        0x45d (size before relaxing)
 .rodata.str1.1.lib/libutils/isoc/bget_malloc.c
                0x000000000000ceea      0x292 /home/fangjiang/workspace/optee-os/out/arm-plat-mediatek/export-ta_arm64/lib/libutils.a(bget_malloc.o)
                                        0x29b (size before relaxing)
 .rodata.lib/libutils/isoc/bget_malloc.c
                0x000000000000d17c       0x51 /home/fangjiang/workspace/optee-os/out/arm-plat-mediatek/export-ta_arm64/lib/libutils.a(bget_malloc.o)
 .rodata.str1.1.lib/libutils/ext/snprintk.c
                0x000000000000d1cd       0x38 /home/fangjiang/workspace/optee-os/out/arm-plat-mediatek/export-ta_arm64/lib/libutils.a(snprintk.o)
 .rodata.str1.1.lib/libutils/ext/trace.c
                0x000000000000d205       0x1a /home/fangjiang/workspace/optee-os/out/arm-plat-mediatek/export-ta_arm64/lib/libutils.a(trace.o)
                                         0x1b (size before relaxing)
 .rodata.lib/libutils/ext/trace.c
                0x000000000000d21f        0x5 /home/fangjiang/workspace/optee-os/out/arm-plat-mediatek/export-ta_arm64/lib/libutils.a(trace.o)
 .rodata.str1.1.lib/libutils/ext/mempool.c
                0x000000000000d224       0x89 /home/fangjiang/workspace/optee-os/out/arm-plat-mediatek/export-ta_arm64/lib/libutils.a(mempool.o)
 .rodata.lib/libutils/ext/mempool.c
                0x000000000000d2ad       0x2c /home/fangjiang/workspace/optee-os/out/arm-plat-mediatek/export-ta_arm64/lib/libutils.a(mempool.o)

.gnu.version_d  0x000000000000d2e0        0x0
 .gnu.version_d
                0x000000000000d2e0        0x0 ./store_stride_ta.o

.gnu.version    0x000000000000d2da        0x0
 .gnu.version   0x000000000000d2da        0x0 ./store_stride_ta.o

.gnu.version_r  0x000000000000d2e0        0x0
 .gnu.version_r
                0x000000000000d2e0        0x0 ./store_stride_ta.o

.gnu.hash       0x000000000000d2e0       0x30
 .gnu.hash      0x000000000000d2e0       0x30 ./store_stride_ta.o

.ARM.extab
 *(SORT_BY_ALIGNMENT(.ARM.extab*) SORT_BY_ALIGNMENT(.gnu.linkonce.armextab.*))
                [!provide]                        PROVIDE (__exidx_start = .)

.ARM.exidx
 *(SORT_BY_ALIGNMENT(.ARM.exidx*) SORT_BY_ALIGNMENT(.gnu.linkonce.armexidx.*))
                [!provide]                        PROVIDE (__exidx_end = .)

.ctors
 *(SORT_BY_ALIGNMENT(.ctors))

.dtors
 *(SORT_BY_ALIGNMENT(.dtors))

.dynsym         0x000000000000d310       0x90
 *(SORT_BY_ALIGNMENT(.dynsym))
 .dynsym        0x000000000000d310       0x90 ./store_stride_ta.o

.dynstr         0x000000000000d3a0       0x2e
 *(SORT_BY_ALIGNMENT(.dynstr))
 .dynstr        0x000000000000d3a0       0x2e ./store_stride_ta.o

.hash           0x000000000000d3d0       0x2c
 *(SORT_BY_ALIGNMENT(.hash))
 .hash          0x000000000000d3d0       0x2c ./store_stride_ta.o

.rela.dyn       0x000000000000d400      0x228
 .rela.data.rel.ro
                0x000000000000d400        0x0 ./store_stride_ta.o
 .rela.ifunc    0x000000000000d400        0x0 ./store_stride_ta.o
 .rela.data.rel.ro.local
                0x000000000000d400      0x1b0 ./store_stride_ta.o
 .rela.data.rel.local
                0x000000000000d5b0       0x60 ./store_stride_ta.o
 .rela.data.rel
                0x000000000000d610       0x18 ./store_stride_ta.o
                0x000000000000e000                . = ALIGN (0x1000)

.dynamic        0x000000000000e000      0x110
 *(SORT_BY_ALIGNMENT(.dynamic))
 .dynamic       0x000000000000e000      0x110 ./store_stride_ta.o
                0x000000000000e000                _DYNAMIC

.tdata
 *(SORT_BY_ALIGNMENT(.tdata) SORT_BY_ALIGNMENT(.tdata.*) SORT_BY_ALIGNMENT(.gnu.linkonce.td.*))

.tbss
 *(SORT_BY_ALIGNMENT(.tbss) SORT_BY_ALIGNMENT(.tbss.*) SORT_BY_ALIGNMENT(.gnu.linkonce.tb.*))
 *(SORT_BY_ALIGNMENT(.tcommon))

.got            0x000000000000e110       0x90
 *(SORT_BY_ALIGNMENT(.got.plt))
 .got.plt       0x000000000000e110       0x18 ./store_stride_ta.o
 *(SORT_BY_ALIGNMENT(.got))
 .got           0x000000000000e128       0x78 ./store_stride_ta.o
                0x000000000000e128                _GLOBAL_OFFSET_TABLE_

.rel.text
 *(SORT_BY_ALIGNMENT(.rel.text))
 *(SORT_BY_ALIGNMENT(.rel.gnu.linkonce.t*))

.rela.text
 *(SORT_BY_ALIGNMENT(.rela.text))
 *(SORT_BY_ALIGNMENT(.rela.gnu.linkonce.t*))

.rel.data
 *(SORT_BY_ALIGNMENT(.rel.data))
 *(SORT_BY_ALIGNMENT(.rel.gnu.linkonce.d*))

.rela.data
 *(SORT_BY_ALIGNMENT(.rela.data))
 *(SORT_BY_ALIGNMENT(.rela.gnu.linkonce.d*))

.rel.tdata
 *(SORT_BY_ALIGNMENT(.rel.tdata) SORT_BY_ALIGNMENT(.rel.tdata.*) SORT_BY_ALIGNMENT(.rel.gnu.linkonce.td.*))

.rela.tdata
 *(SORT_BY_ALIGNMENT(.rela.tdata) SORT_BY_ALIGNMENT(.rela.tdata.*) SORT_BY_ALIGNMENT(.rela.gnu.linkonce.td.*))

.rel.tbss
 *(SORT_BY_ALIGNMENT(.rel.tbss) SORT_BY_ALIGNMENT(.rel.tbss.*) SORT_BY_ALIGNMENT(.rel.gnu.linkonce.tb.*))

.rela.tbss
 *(SORT_BY_ALIGNMENT(.rela.tbss) SORT_BY_ALIGNMENT(.rela.tbss.*) SORT_BY_ALIGNMENT(.rela.gnu.linkonce.tb.*))

.rel.rodata
 *(SORT_BY_ALIGNMENT(.rel.rodata))
 *(SORT_BY_ALIGNMENT(.rel.gnu.linkonce.r*))

.rela.rodata
 *(SORT_BY_ALIGNMENT(.rela.rodata))
 *(SORT_BY_ALIGNMENT(.rela.gnu.linkonce.r*))

.rel.dyn
 *(SORT_BY_ALIGNMENT(.rel.dyn))

.rel.got
 *(SORT_BY_ALIGNMENT(.rel.got))

.rela.got       0x000000000000e1a0      0x150
 *(SORT_BY_ALIGNMENT(.rela.got))
 .rela.got      0x000000000000e1a0      0x150 ./store_stride_ta.o

.rel.ctors
 *(SORT_BY_ALIGNMENT(.rel.ctors))

.rela.ctors
 *(SORT_BY_ALIGNMENT(.rela.ctors))

.rel.dtors
 *(SORT_BY_ALIGNMENT(.rel.dtors))

.rela.dtors
 *(SORT_BY_ALIGNMENT(.rela.dtors))

.rel.init
 *(SORT_BY_ALIGNMENT(.rel.init))

.rela.init
 *(SORT_BY_ALIGNMENT(.rela.init))

.rel.fini
 *(SORT_BY_ALIGNMENT(.rel.fini))

.rela.fini
 *(SORT_BY_ALIGNMENT(.rela.fini))

.rel.bss
 *(SORT_BY_ALIGNMENT(.rel.bss))

.rela.bss       0x000000000000e2f0        0x0
 *(SORT_BY_ALIGNMENT(.rela.bss))
 .rela.bss      0x000000000000e2f0        0x0 ./store_stride_ta.o

.rel.plt
 *(SORT_BY_ALIGNMENT(.rel.plt))

.rela.plt       0x000000000000e2f0        0x0
 *(SORT_BY_ALIGNMENT(.rela.plt))
 .rela.plt      0x000000000000e2f0        0x0 ./store_stride_ta.o

.data           0x000000000000e2f0      0x13c
 *(SORT_BY_ALIGNMENT(.data) SORT_BY_ALIGNMENT(.data.*) SORT_BY_ALIGNMENT(.gnu.linkonce.d.*))
 .data.rel.ro.local
                0x000000000000e2f0       0xd8 ./user_ta_header.o
                0x000000000000e2f0                ta_props
 .data.rel.local
                0x000000000000e3c8       0x20 /home/fangjiang/workspace/optee-os/out/arm-plat-mediatek/export-ta_arm64/lib/libutee.a(user_ta_entry.o)
 .data.rel      0x000000000000e3e8        0x8 /home/fangjiang/workspace/optee-os/out/arm-plat-mediatek/export-ta_arm64/lib/libmbedtls.a(platform_util.o)
 .data.rel.local
                0x000000000000e3f0       0x30 /home/fangjiang/workspace/optee-os/out/arm-plat-mediatek/export-ta_arm64/lib/libutils.a(bget_malloc.o)
 .data          0x000000000000e420        0x8 /home/fangjiang/workspace/optee-os/out/arm-plat-mediatek/export-ta_arm64/lib/libutils.a(stack_check.o)
                0x000000000000e420                __stack_chk_guard
 .data          0x000000000000e428        0x4 ./user_ta_header.o
                0x000000000000e428                trace_level
 .data          0x000000000000e42c        0x0 ./store_stride_ta.o
 .data.rel.ro   0x000000000000e42c        0x0 ./store_stride_ta.o
 .data          0x000000000000e42c        0x0 /home/fangjiang/workspace/optee-os/out/arm-plat-mediatek/export-ta_arm64/lib/libutee.a(utee_syscalls_a64.o)
 .data          0x000000000000e42c        0x0 /home/fangjiang/workspace/optee-os/out/arm-plat-mediatek/export-ta_arm64/lib/libutee.a(user_ta_entry.o)
 .data          0x000000000000e42c        0x0 /home/fangjiang/workspace/optee-os/out/arm-plat-mediatek/export-ta_arm64/lib/libutee.a(abort.o)
 .data          0x000000000000e42c        0x0 /home/fangjiang/workspace/optee-os/out/arm-plat-mediatek/export-ta_arm64/lib/libutee.a(trace_ext.o)
 .data          0x000000000000e42c        0x0 /home/fangjiang/workspace/optee-os/out/arm-plat-mediatek/export-ta_arm64/lib/libutee.a(tee_api.o)
 .data          0x000000000000e42c        0x0 /home/fangjiang/workspace/optee-os/out/arm-plat-mediatek/export-ta_arm64/lib/libutee.a(tee_api_arith_mpi.o)
 .data          0x000000000000e42c        0x0 /home/fangjiang/workspace/optee-os/out/arm-plat-mediatek/export-ta_arm64/lib/libutee.a(tee_api_panic.o)
 .data          0x000000000000e42c        0x0 /home/fangjiang/workspace/optee-os/out/arm-plat-mediatek/export-ta_arm64/lib/libutee.a(tee_system_pta.o)
 .data          0x000000000000e42c        0x0 /home/fangjiang/workspace/optee-os/out/arm-plat-mediatek/export-ta_arm64/lib/libutee.a(tcb.o)
 .data          0x000000000000e42c        0x0 /home/fangjiang/workspace/optee-os/out/arm-plat-mediatek/export-ta_arm64/lib/libutee.a(assert.o)
 .data          0x000000000000e42c        0x0 /home/fangjiang/workspace/optee-os/out/arm-plat-mediatek/export-ta_arm64/lib/libmbedtls.a(bignum.o)
 .data          0x000000000000e42c        0x0 /home/fangjiang/workspace/optee-os/out/arm-plat-mediatek/export-ta_arm64/lib/libmbedtls.a(platform_util.o)
 .data          0x000000000000e42c        0x0 /home/fangjiang/workspace/optee-os/out/arm-plat-mediatek/export-ta_arm64/lib/libutils.a(bget_malloc.o)
 .data          0x000000000000e42c        0x0 /home/fangjiang/workspace/optee-os/out/arm-plat-mediatek/export-ta_arm64/lib/libutils.a(snprintf.o)
 .data          0x000000000000e42c        0x0 /home/fangjiang/workspace/optee-os/out/arm-plat-mediatek/export-ta_arm64/lib/libutils.a(memcpy.o)
 .data          0x000000000000e42c        0x0 /home/fangjiang/workspace/optee-os/out/arm-plat-mediatek/export-ta_arm64/lib/libutils.a(memmove.o)
 .data          0x000000000000e42c        0x0 /home/fangjiang/workspace/optee-os/out/arm-plat-mediatek/export-ta_arm64/lib/libutils.a(memset.o)
 .data          0x000000000000e42c        0x0 /home/fangjiang/workspace/optee-os/out/arm-plat-mediatek/export-ta_arm64/lib/libutils.a(strlen.o)
 .data          0x000000000000e42c        0x0 /home/fangjiang/workspace/optee-os/out/arm-plat-mediatek/export-ta_arm64/lib/libutils.a(snprintk.o)
 .data          0x000000000000e42c        0x0 /home/fangjiang/workspace/optee-os/out/arm-plat-mediatek/export-ta_arm64/lib/libutils.a(trace.o)
 .data          0x000000000000e42c        0x0 /home/fangjiang/workspace/optee-os/out/arm-plat-mediatek/export-ta_arm64/lib/libutils.a(mempool.o)
 .data          0x000000000000e42c        0x0 /home/fangjiang/workspace/optee-os/out/arm-plat-mediatek/export-ta_arm64/lib/libutils.a(consttime_memcmp.o)
 .data          0x000000000000e42c        0x0 /home/fangjiang/workspace/optee-os/out/arm-plat-mediatek/export-ta_arm64/lib/libutils.a(memchr.o)

.bss            0x000000000000e430     0xb090
 *(SORT_BY_ALIGNMENT(.bss) SORT_BY_ALIGNMENT(.bss.*) SORT_BY_ALIGNMENT(.gnu.linkonce.b.*) SORT_BY_ALIGNMENT(COMMON))
 .bss           0x000000000000e430       0x64 /home/fangjiang/workspace/optee-os/out/arm-plat-mediatek/export-ta_arm64/lib/libutee.a(user_ta_entry.o)
                0x000000000000e440                __elf_phdr_info
                0x000000000000e450                ta_params
                0x000000000000e490                ta_param_types
 *fill*         0x000000000000e494        0x4 
 .bss           0x000000000000e498        0x8 /home/fangjiang/workspace/optee-os/out/arm-plat-mediatek/export-ta_arm64/lib/libutee.a(tee_api.o)
 .bss           0x000000000000e4a0     0x3000 /home/fangjiang/workspace/optee-os/out/arm-plat-mediatek/export-ta_arm64/lib/libutee.a(tee_api_arith_mpi.o)
 .bss           0x00000000000114a0        0x8 /home/fangjiang/workspace/optee-os/out/arm-plat-mediatek/export-ta_arm64/lib/libutee.a(tee_system_pta.o)
 .bss           0x00000000000114a8       0x10 /home/fangjiang/workspace/optee-os/out/arm-plat-mediatek/export-ta_arm64/lib/libutee.a(tcb.o)
 .bss           0x00000000000114b8        0x8 /home/fangjiang/workspace/optee-os/out/arm-plat-mediatek/export-ta_arm64/lib/libmbedtls.a(bignum.o)
                0x00000000000114b8                mbedtls_mpi_mempool
 .bss           0x00000000000114c0        0x0 ./store_stride_ta.o
 .bss           0x00000000000114c0     0x8000 ./user_ta_header.o
                0x00000000000114c0                ta_heap
 .bss           0x00000000000194c0        0x0 /home/fangjiang/workspace/optee-os/out/arm-plat-mediatek/export-ta_arm64/lib/libutee.a(utee_syscalls_a64.o)
 .bss           0x00000000000194c0        0x0 /home/fangjiang/workspace/optee-os/out/arm-plat-mediatek/export-ta_arm64/lib/libutee.a(abort.o)
 .bss           0x00000000000194c0        0x0 /home/fangjiang/workspace/optee-os/out/arm-plat-mediatek/export-ta_arm64/lib/libutee.a(trace_ext.o)
 .bss           0x00000000000194c0        0x0 /home/fangjiang/workspace/optee-os/out/arm-plat-mediatek/export-ta_arm64/lib/libutee.a(tee_api_panic.o)
 .bss           0x00000000000194c0        0x0 /home/fangjiang/workspace/optee-os/out/arm-plat-mediatek/export-ta_arm64/lib/libutee.a(assert.o)
 .bss           0x00000000000194c0        0x0 /home/fangjiang/workspace/optee-os/out/arm-plat-mediatek/export-ta_arm64/lib/libmbedtls.a(platform_util.o)
 .bss           0x00000000000194c0        0x0 /home/fangjiang/workspace/optee-os/out/arm-plat-mediatek/export-ta_arm64/lib/libutils.a(bget_malloc.o)
 .bss           0x00000000000194c0        0x0 /home/fangjiang/workspace/optee-os/out/arm-plat-mediatek/export-ta_arm64/lib/libutils.a(snprintf.o)
 .bss           0x00000000000194c0        0x0 /home/fangjiang/workspace/optee-os/out/arm-plat-mediatek/export-ta_arm64/lib/libutils.a(stack_check.o)
 .bss           0x00000000000194c0        0x0 /home/fangjiang/workspace/optee-os/out/arm-plat-mediatek/export-ta_arm64/lib/libutils.a(memcpy.o)
 .bss           0x00000000000194c0        0x0 /home/fangjiang/workspace/optee-os/out/arm-plat-mediatek/export-ta_arm64/lib/libutils.a(memmove.o)
 .bss           0x00000000000194c0        0x0 /home/fangjiang/workspace/optee-os/out/arm-plat-mediatek/export-ta_arm64/lib/libutils.a(memset.o)
 .bss           0x00000000000194c0        0x0 /home/fangjiang/workspace/optee-os/out/arm-plat-mediatek/export-ta_arm64/lib/libutils.a(strlen.o)
 .bss           0x00000000000194c0        0x0 /home/fangjiang/workspace/optee-os/out/arm-plat-mediatek/export-ta_arm64/lib/libutils.a(snprintk.o)
 .bss           0x00000000000194c0        0x0 /home/fangjiang/workspace/optee-os/out/arm-plat-mediatek/export-ta_arm64/lib/libutils.a(trace.o)
 .bss           0x00000000000194c0        0x0 /home/fangjiang/workspace/optee-os/out/arm-plat-mediatek/export-ta_arm64/lib/libutils.a(mempool.o)
 .bss           0x00000000000194c0        0x0 /home/fangjiang/workspace/optee-os/out/arm-plat-mediatek/export-ta_arm64/lib/libutils.a(consttime_memcmp.o)
 .bss           0x00000000000194c0        0x0 /home/fangjiang/workspace/optee-os/out/arm-plat-mediatek/export-ta_arm64/lib/libutils.a(memchr.o)
                0x00000000000194c0                . = ALIGN (0x8)
                0x00000000000194c0                __ftrace_buf_start = .
                0x00000000000194c0                . = (. + DEFINED (_mcount)?0x800:0x0)
                0x00000000000194c0                __ftrace_buf_end = .

.dynbss         0x00000000000194c0        0x0
 .dynbss        0x00000000000194c0        0x0 ./store_stride_ta.o

/DISCARD/
 *(SORT_BY_ALIGNMENT(.interp))
LOAD ./store_stride_ta.o
LOAD ./user_ta_header.o
START GROUP
LOAD /home/fangjiang/workspace/optee-os/out/arm-plat-mediatek/export-ta_arm64/lib/libutils.a
LOAD /home/fangjiang/workspace/optee-os/out/arm-plat-mediatek/export-ta_arm64/lib/libutee.a
LOAD /home/fangjiang/workspace/optee-os/out/arm-plat-mediatek/export-ta_arm64/lib/libmbedtls.a
LOAD /home/fangjiang/workspace/optee-os/out/arm-plat-mediatek/export-ta_arm64/lib/libdl.a
END GROUP
LOAD /usr/lib/gcc/aarch64-linux-gnu/11/libgcc.a
LOAD /home/fangjiang/workspace/optee-os/out/arm-plat-mediatek/export-ta_arm64/lib/libutils.a
OUTPUT(b6a189a0-7697-4aa8-9d62-80f64ec4e74d.elf elf64-littleaarch64)
LOAD linker stubs

.debug_info     0x0000000000000000    0x13e11
 .debug_info    0x0000000000000000      0x4fa ./store_stride_ta.o
 .debug_info    0x00000000000004fa      0x443 ./user_ta_header.o
 .debug_info    0x000000000000093d       0x23 /home/fangjiang/workspace/optee-os/out/arm-plat-mediatek/export-ta_arm64/lib/libutee.a(utee_syscalls_a64.o)
 .debug_info    0x0000000000000960     0x153c /home/fangjiang/workspace/optee-os/out/arm-plat-mediatek/export-ta_arm64/lib/libutee.a(user_ta_entry.o)
 .debug_info    0x0000000000001e9c       0xe3 /home/fangjiang/workspace/optee-os/out/arm-plat-mediatek/export-ta_arm64/lib/libutee.a(abort.o)
 .debug_info    0x0000000000001f7f      0x3c9 /home/fangjiang/workspace/optee-os/out/arm-plat-mediatek/export-ta_arm64/lib/libutee.a(trace_ext.o)
 .debug_info    0x0000000000002348     0x1602 /home/fangjiang/workspace/optee-os/out/arm-plat-mediatek/export-ta_arm64/lib/libutee.a(tee_api.o)
 .debug_info    0x000000000000394a     0x480c /home/fangjiang/workspace/optee-os/out/arm-plat-mediatek/export-ta_arm64/lib/libutee.a(tee_api_arith_mpi.o)
 .debug_info    0x0000000000008156      0x74c /home/fangjiang/workspace/optee-os/out/arm-plat-mediatek/export-ta_arm64/lib/libutee.a(tee_api_panic.o)
 .debug_info    0x00000000000088a2      0x777 /home/fangjiang/workspace/optee-os/out/arm-plat-mediatek/export-ta_arm64/lib/libutee.a(tee_system_pta.o)
 .debug_info    0x0000000000009019      0x7fd /home/fangjiang/workspace/optee-os/out/arm-plat-mediatek/export-ta_arm64/lib/libutee.a(tcb.o)
 .debug_info    0x0000000000009816      0x1a9 /home/fangjiang/workspace/optee-os/out/arm-plat-mediatek/export-ta_arm64/lib/libutee.a(assert.o)
 .debug_info    0x00000000000099bf     0x6500 /home/fangjiang/workspace/optee-os/out/arm-plat-mediatek/export-ta_arm64/lib/libmbedtls.a(bignum.o)
 .debug_info    0x000000000000febf      0x13d /home/fangjiang/workspace/optee-os/out/arm-plat-mediatek/export-ta_arm64/lib/libmbedtls.a(platform_util.o)
 .debug_info    0x000000000000fffc     0x1f3c /home/fangjiang/workspace/optee-os/out/arm-plat-mediatek/export-ta_arm64/lib/libutils.a(bget_malloc.o)
 .debug_info    0x0000000000011f38      0x291 /home/fangjiang/workspace/optee-os/out/arm-plat-mediatek/export-ta_arm64/lib/libutils.a(snprintf.o)
 .debug_info    0x00000000000121c9       0x65 /home/fangjiang/workspace/optee-os/out/arm-plat-mediatek/export-ta_arm64/lib/libutils.a(stack_check.o)
 .debug_info    0x000000000001222e      0x122 /home/fangjiang/workspace/optee-os/out/arm-plat-mediatek/export-ta_arm64/lib/libutils.a(memcpy.o)
 .debug_info    0x0000000000012350       0xed /home/fangjiang/workspace/optee-os/out/arm-plat-mediatek/export-ta_arm64/lib/libutils.a(memmove.o)
 .debug_info    0x000000000001243d       0xc5 /home/fangjiang/workspace/optee-os/out/arm-plat-mediatek/export-ta_arm64/lib/libutils.a(memset.o)
 .debug_info    0x0000000000012502       0xb1 /home/fangjiang/workspace/optee-os/out/arm-plat-mediatek/export-ta_arm64/lib/libutils.a(strlen.o)
 .debug_info    0x00000000000125b3      0x955 /home/fangjiang/workspace/optee-os/out/arm-plat-mediatek/export-ta_arm64/lib/libutils.a(snprintk.o)
 .debug_info    0x0000000000012f08      0x6dc /home/fangjiang/workspace/optee-os/out/arm-plat-mediatek/export-ta_arm64/lib/libutils.a(trace.o)
 .debug_info    0x00000000000135e4      0x618 /home/fangjiang/workspace/optee-os/out/arm-plat-mediatek/export-ta_arm64/lib/libutils.a(mempool.o)
 .debug_info    0x0000000000013bfc      0x124 /home/fangjiang/workspace/optee-os/out/arm-plat-mediatek/export-ta_arm64/lib/libutils.a(consttime_memcmp.o)
 .debug_info    0x0000000000013d20       0xf1 /home/fangjiang/workspace/optee-os/out/arm-plat-mediatek/export-ta_arm64/lib/libutils.a(memchr.o)

.debug_abbrev   0x0000000000000000     0x35a7
 .debug_abbrev  0x0000000000000000      0x247 ./store_stride_ta.o
 .debug_abbrev  0x0000000000000247      0x1d1 ./user_ta_header.o
 .debug_abbrev  0x0000000000000418       0x12 /home/fangjiang/workspace/optee-os/out/arm-plat-mediatek/export-ta_arm64/lib/libutee.a(utee_syscalls_a64.o)
 .debug_abbrev  0x000000000000042a      0x573 /home/fangjiang/workspace/optee-os/out/arm-plat-mediatek/export-ta_arm64/lib/libutee.a(user_ta_entry.o)
 .debug_abbrev  0x000000000000099d       0x94 /home/fangjiang/workspace/optee-os/out/arm-plat-mediatek/export-ta_arm64/lib/libutee.a(abort.o)
 .debug_abbrev  0x0000000000000a31      0x1c4 /home/fangjiang/workspace/optee-os/out/arm-plat-mediatek/export-ta_arm64/lib/libutee.a(trace_ext.o)
 .debug_abbrev  0x0000000000000bf5      0x3be /home/fangjiang/workspace/optee-os/out/arm-plat-mediatek/export-ta_arm64/lib/libutee.a(tee_api.o)
 .debug_abbrev  0x0000000000000fb3      0x52f /home/fangjiang/workspace/optee-os/out/arm-plat-mediatek/export-ta_arm64/lib/libutee.a(tee_api_arith_mpi.o)
 .debug_abbrev  0x00000000000014e2      0x201 /home/fangjiang/workspace/optee-os/out/arm-plat-mediatek/export-ta_arm64/lib/libutee.a(tee_api_panic.o)
 .debug_abbrev  0x00000000000016e3      0x283 /home/fangjiang/workspace/optee-os/out/arm-plat-mediatek/export-ta_arm64/lib/libutee.a(tee_system_pta.o)
 .debug_abbrev  0x0000000000001966      0x2a0 /home/fangjiang/workspace/optee-os/out/arm-plat-mediatek/export-ta_arm64/lib/libutee.a(tcb.o)
 .debug_abbrev  0x0000000000001c06       0xbc /home/fangjiang/workspace/optee-os/out/arm-plat-mediatek/export-ta_arm64/lib/libutee.a(assert.o)
 .debug_abbrev  0x0000000000001cc2      0x5c9 /home/fangjiang/workspace/optee-os/out/arm-plat-mediatek/export-ta_arm64/lib/libmbedtls.a(bignum.o)
 .debug_abbrev  0x000000000000228b       0xd4 /home/fangjiang/workspace/optee-os/out/arm-plat-mediatek/export-ta_arm64/lib/libmbedtls.a(platform_util.o)
 .debug_abbrev  0x000000000000235f      0x45e /home/fangjiang/workspace/optee-os/out/arm-plat-mediatek/export-ta_arm64/lib/libutils.a(bget_malloc.o)
 .debug_abbrev  0x00000000000027bd      0x155 /home/fangjiang/workspace/optee-os/out/arm-plat-mediatek/export-ta_arm64/lib/libutils.a(snprintf.o)
 .debug_abbrev  0x0000000000002912       0x4c /home/fangjiang/workspace/optee-os/out/arm-plat-mediatek/export-ta_arm64/lib/libutils.a(stack_check.o)
 .debug_abbrev  0x000000000000295e       0xbb /home/fangjiang/workspace/optee-os/out/arm-plat-mediatek/export-ta_arm64/lib/libutils.a(memcpy.o)
 .debug_abbrev  0x0000000000002a19       0xa6 /home/fangjiang/workspace/optee-os/out/arm-plat-mediatek/export-ta_arm64/lib/libutils.a(memmove.o)
 .debug_abbrev  0x0000000000002abf       0xa3 /home/fangjiang/workspace/optee-os/out/arm-plat-mediatek/export-ta_arm64/lib/libutils.a(memset.o)
 .debug_abbrev  0x0000000000002b62       0x85 /home/fangjiang/workspace/optee-os/out/arm-plat-mediatek/export-ta_arm64/lib/libutils.a(strlen.o)
 .debug_abbrev  0x0000000000002be7      0x300 /home/fangjiang/workspace/optee-os/out/arm-plat-mediatek/export-ta_arm64/lib/libutils.a(snprintk.o)
 .debug_abbrev  0x0000000000002ee7      0x2bf /home/fangjiang/workspace/optee-os/out/arm-plat-mediatek/export-ta_arm64/lib/libutils.a(trace.o)
 .debug_abbrev  0x00000000000031a6      0x28b /home/fangjiang/workspace/optee-os/out/arm-plat-mediatek/export-ta_arm64/lib/libutils.a(mempool.o)
 .debug_abbrev  0x0000000000003431       0xc2 /home/fangjiang/workspace/optee-os/out/arm-plat-mediatek/export-ta_arm64/lib/libutils.a(consttime_memcmp.o)
 .debug_abbrev  0x00000000000034f3       0xb4 /home/fangjiang/workspace/optee-os/out/arm-plat-mediatek/export-ta_arm64/lib/libutils.a(memchr.o)

.debug_loclists
                0x0000000000000000     0xc32f
 .debug_loclists
                0x0000000000000000      0x2c3 ./store_stride_ta.o
 .debug_loclists
                0x00000000000002c3       0x5c ./user_ta_header.o
 .debug_loclists
                0x000000000000031f      0x60c /home/fangjiang/workspace/optee-os/out/arm-plat-mediatek/export-ta_arm64/lib/libutee.a(user_ta_entry.o)
 .debug_loclists
                0x000000000000092b       0xae /home/fangjiang/workspace/optee-os/out/arm-plat-mediatek/export-ta_arm64/lib/libutee.a(trace_ext.o)
 .debug_loclists
                0x00000000000009d9      0x998 /home/fangjiang/workspace/optee-os/out/arm-plat-mediatek/export-ta_arm64/lib/libutee.a(tee_api.o)
 .debug_loclists
                0x0000000000001371     0x19a9 /home/fangjiang/workspace/optee-os/out/arm-plat-mediatek/export-ta_arm64/lib/libutee.a(tee_api_arith_mpi.o)
 .debug_loclists
                0x0000000000002d1a      0x369 /home/fangjiang/workspace/optee-os/out/arm-plat-mediatek/export-ta_arm64/lib/libutee.a(tee_api_panic.o)
 .debug_loclists
                0x0000000000003083      0x326 /home/fangjiang/workspace/optee-os/out/arm-plat-mediatek/export-ta_arm64/lib/libutee.a(tee_system_pta.o)
 .debug_loclists
                0x00000000000033a9      0x260 /home/fangjiang/workspace/optee-os/out/arm-plat-mediatek/export-ta_arm64/lib/libutee.a(tcb.o)
 .debug_loclists
                0x0000000000003609       0x71 /home/fangjiang/workspace/optee-os/out/arm-plat-mediatek/export-ta_arm64/lib/libutee.a(assert.o)
 .debug_loclists
                0x000000000000367a     0x50c7 /home/fangjiang/workspace/optee-os/out/arm-plat-mediatek/export-ta_arm64/lib/libmbedtls.a(bignum.o)
 .debug_loclists
                0x0000000000008741       0x45 /home/fangjiang/workspace/optee-os/out/arm-plat-mediatek/export-ta_arm64/lib/libmbedtls.a(platform_util.o)
 .debug_loclists
                0x0000000000008786     0x1937 /home/fangjiang/workspace/optee-os/out/arm-plat-mediatek/export-ta_arm64/lib/libutils.a(bget_malloc.o)
 .debug_loclists
                0x000000000000a0bd       0xd0 /home/fangjiang/workspace/optee-os/out/arm-plat-mediatek/export-ta_arm64/lib/libutils.a(snprintf.o)
 .debug_loclists
                0x000000000000a18d      0x2e5 /home/fangjiang/workspace/optee-os/out/arm-plat-mediatek/export-ta_arm64/lib/libutils.a(memcpy.o)
 .debug_loclists
                0x000000000000a472      0x179 /home/fangjiang/workspace/optee-os/out/arm-plat-mediatek/export-ta_arm64/lib/libutils.a(memmove.o)
 .debug_loclists
                0x000000000000a5eb       0x67 /home/fangjiang/workspace/optee-os/out/arm-plat-mediatek/export-ta_arm64/lib/libutils.a(memset.o)
 .debug_loclists
                0x000000000000a652       0x34 /home/fangjiang/workspace/optee-os/out/arm-plat-mediatek/export-ta_arm64/lib/libutils.a(strlen.o)
 .debug_loclists
                0x000000000000a686     0x16b5 /home/fangjiang/workspace/optee-os/out/arm-plat-mediatek/export-ta_arm64/lib/libutils.a(snprintk.o)
 .debug_loclists
                0x000000000000bd3b      0x2a5 /home/fangjiang/workspace/optee-os/out/arm-plat-mediatek/export-ta_arm64/lib/libutils.a(trace.o)
 .debug_loclists
                0x000000000000bfe0      0x21f /home/fangjiang/workspace/optee-os/out/arm-plat-mediatek/export-ta_arm64/lib/libutils.a(mempool.o)
 .debug_loclists
                0x000000000000c1ff       0xcb /home/fangjiang/workspace/optee-os/out/arm-plat-mediatek/export-ta_arm64/lib/libutils.a(consttime_memcmp.o)
 .debug_loclists
                0x000000000000c2ca       0x65 /home/fangjiang/workspace/optee-os/out/arm-plat-mediatek/export-ta_arm64/lib/libutils.a(memchr.o)

.debug_aranges  0x0000000000000000      0x860
 .debug_aranges
                0x0000000000000000       0x30 ./store_stride_ta.o
 .debug_aranges
                0x0000000000000030       0x30 ./user_ta_header.o
 .debug_aranges
                0x0000000000000060      0x3b0 /home/fangjiang/workspace/optee-os/out/arm-plat-mediatek/export-ta_arm64/lib/libutee.a(utee_syscalls_a64.o)
 .debug_aranges
                0x0000000000000410       0x30 /home/fangjiang/workspace/optee-os/out/arm-plat-mediatek/export-ta_arm64/lib/libutee.a(user_ta_entry.o)
 .debug_aranges
                0x0000000000000440       0x30 /home/fangjiang/workspace/optee-os/out/arm-plat-mediatek/export-ta_arm64/lib/libutee.a(abort.o)
 .debug_aranges
                0x0000000000000470       0x30 /home/fangjiang/workspace/optee-os/out/arm-plat-mediatek/export-ta_arm64/lib/libutee.a(trace_ext.o)
 .debug_aranges
                0x00000000000004a0       0x30 /home/fangjiang/workspace/optee-os/out/arm-plat-mediatek/export-ta_arm64/lib/libutee.a(tee_api.o)
 .debug_aranges
                0x00000000000004d0       0x30 /home/fangjiang/workspace/optee-os/out/arm-plat-mediatek/export-ta_arm64/lib/libutee.a(tee_api_arith_mpi.o)
 .debug_aranges
                0x0000000000000500       0x30 /home/fangjiang/workspace/optee-os/out/arm-plat-mediatek/export-ta_arm64/lib/libutee.a(tee_api_panic.o)
 .debug_aranges
                0x0000000000000530       0x30 /home/fangjiang/workspace/optee-os/out/arm-plat-mediatek/export-ta_arm64/lib/libutee.a(tee_system_pta.o)
 .debug_aranges
                0x0000000000000560       0x30 /home/fangjiang/workspace/optee-os/out/arm-plat-mediatek/export-ta_arm64/lib/libutee.a(tcb.o)
 .debug_aranges
                0x0000000000000590       0x30 /home/fangjiang/workspace/optee-os/out/arm-plat-mediatek/export-ta_arm64/lib/libutee.a(assert.o)
 .debug_aranges
                0x00000000000005c0       0x30 /home/fangjiang/workspace/optee-os/out/arm-plat-mediatek/export-ta_arm64/lib/libmbedtls.a(bignum.o)
 .debug_aranges
                0x00000000000005f0       0x30 /home/fangjiang/workspace/optee-os/out/arm-plat-mediatek/export-ta_arm64/lib/libmbedtls.a(platform_util.o)
 .debug_aranges
                0x0000000000000620       0x30 /home/fangjiang/workspace/optee-os/out/arm-plat-mediatek/export-ta_arm64/lib/libutils.a(bget_malloc.o)
 .debug_aranges
                0x0000000000000650       0x30 /home/fangjiang/workspace/optee-os/out/arm-plat-mediatek/export-ta_arm64/lib/libutils.a(snprintf.o)
 .debug_aranges
                0x0000000000000680       0x30 /home/fangjiang/workspace/optee-os/out/arm-plat-mediatek/export-ta_arm64/lib/libutils.a(stack_check.o)
 .debug_aranges
                0x00000000000006b0       0x30 /home/fangjiang/workspace/optee-os/out/arm-plat-mediatek/export-ta_arm64/lib/libutils.a(memcpy.o)
 .debug_aranges
                0x00000000000006e0       0x30 /home/fangjiang/workspace/optee-os/out/arm-plat-mediatek/export-ta_arm64/lib/libutils.a(memmove.o)
 .debug_aranges
                0x0000000000000710       0x30 /home/fangjiang/workspace/optee-os/out/arm-plat-mediatek/export-ta_arm64/lib/libutils.a(memset.o)
 .debug_aranges
                0x0000000000000740       0x30 /home/fangjiang/workspace/optee-os/out/arm-plat-mediatek/export-ta_arm64/lib/libutils.a(strlen.o)
 .debug_aranges
                0x0000000000000770       0x30 /home/fangjiang/workspace/optee-os/out/arm-plat-mediatek/export-ta_arm64/lib/libutils.a(snprintk.o)
 .debug_aranges
                0x00000000000007a0       0x30 /home/fangjiang/workspace/optee-os/out/arm-plat-mediatek/export-ta_arm64/lib/libutils.a(trace.o)
 .debug_aranges
                0x00000000000007d0       0x30 /home/fangjiang/workspace/optee-os/out/arm-plat-mediatek/export-ta_arm64/lib/libutils.a(mempool.o)
 .debug_aranges
                0x0000000000000800       0x30 /home/fangjiang/workspace/optee-os/out/arm-plat-mediatek/export-ta_arm64/lib/libutils.a(consttime_memcmp.o)
 .debug_aranges
                0x0000000000000830       0x30 /home/fangjiang/workspace/optee-os/out/arm-plat-mediatek/export-ta_arm64/lib/libutils.a(memchr.o)

.debug_rnglists
                0x0000000000000000      0x73b
 .debug_rnglists
                0x0000000000000000       0x21 ./store_stride_ta.o
 .debug_rnglists
                0x0000000000000021      0x247 /home/fangjiang/workspace/optee-os/out/arm-plat-mediatek/export-ta_arm64/lib/libutee.a(utee_syscalls_a64.o)
 .debug_rnglists
                0x0000000000000268       0x69 /home/fangjiang/workspace/optee-os/out/arm-plat-mediatek/export-ta_arm64/lib/libutee.a(user_ta_entry.o)
 .debug_rnglists
                0x00000000000002d1       0x17 /home/fangjiang/workspace/optee-os/out/arm-plat-mediatek/export-ta_arm64/lib/libutee.a(abort.o)
 .debug_rnglists
                0x00000000000002e8       0x30 /home/fangjiang/workspace/optee-os/out/arm-plat-mediatek/export-ta_arm64/lib/libutee.a(tee_api.o)
 .debug_rnglists
                0x0000000000000318      0x144 /home/fangjiang/workspace/optee-os/out/arm-plat-mediatek/export-ta_arm64/lib/libutee.a(tee_api_arith_mpi.o)
 .debug_rnglists
                0x000000000000045c       0x26 /home/fangjiang/workspace/optee-os/out/arm-plat-mediatek/export-ta_arm64/lib/libutee.a(tee_api_panic.o)
 .debug_rnglists
                0x0000000000000482       0x1c /home/fangjiang/workspace/optee-os/out/arm-plat-mediatek/export-ta_arm64/lib/libutee.a(tee_system_pta.o)
 .debug_rnglists
                0x000000000000049e      0x159 /home/fangjiang/workspace/optee-os/out/arm-plat-mediatek/export-ta_arm64/lib/libmbedtls.a(bignum.o)
 .debug_rnglists
                0x00000000000005f7       0xf2 /home/fangjiang/workspace/optee-os/out/arm-plat-mediatek/export-ta_arm64/lib/libutils.a(bget_malloc.o)
 .debug_rnglists
                0x00000000000006e9       0x17 /home/fangjiang/workspace/optee-os/out/arm-plat-mediatek/export-ta_arm64/lib/libutils.a(snprintk.o)
 .debug_rnglists
                0x0000000000000700       0x27 /home/fangjiang/workspace/optee-os/out/arm-plat-mediatek/export-ta_arm64/lib/libutils.a(trace.o)
 .debug_rnglists
                0x0000000000000727       0x14 /home/fangjiang/workspace/optee-os/out/arm-plat-mediatek/export-ta_arm64/lib/libutils.a(mempool.o)

.debug_macro    0x0000000000000000    0x1456c
 .debug_macro   0x0000000000000000       0xdf ./store_stride_ta.o
 .debug_macro   0x00000000000000df      0x9f4 ./store_stride_ta.o
 .debug_macro   0x0000000000000ad3       0x22 ./store_stride_ta.o
 .debug_macro   0x0000000000000af5       0x7c ./store_stride_ta.o
 .debug_macro   0x0000000000000b71      0x1a7 ./store_stride_ta.o
 .debug_macro   0x0000000000000d18      0x16d ./store_stride_ta.o
 .debug_macro   0x0000000000000e85       0xf3 ./store_stride_ta.o
 .debug_macro   0x0000000000000f78      0x9c1 ./store_stride_ta.o
 .debug_macro   0x0000000000001939       0xc4 ./store_stride_ta.o
 .debug_macro   0x00000000000019fd       0x35 ./store_stride_ta.o
 .debug_macro   0x0000000000001a32       0x58 ./store_stride_ta.o
 .debug_macro   0x0000000000001a8a       0x34 ./store_stride_ta.o
 .debug_macro   0x0000000000001abe       0x79 ./store_stride_ta.o
 .debug_macro   0x0000000000001b37       0x10 ./store_stride_ta.o
 .debug_macro   0x0000000000001b47       0xdc ./store_stride_ta.o
 .debug_macro   0x0000000000001c23       0x2e ./store_stride_ta.o
 .debug_macro   0x0000000000001c51      0x167 ./user_ta_header.o
 .debug_macro   0x0000000000001db8      0x9f4 ./user_ta_header.o
 .debug_macro   0x00000000000027ac       0x2e ./user_ta_header.o
 .debug_macro   0x00000000000027da       0x33 ./user_ta_header.o
 .debug_macro   0x000000000000280d       0xf0 ./user_ta_header.o
 .debug_macro   0x00000000000028fd       0x76 ./user_ta_header.o
 .debug_macro   0x0000000000002973       0x22 ./user_ta_header.o
 .debug_macro   0x0000000000002995      0x1d6 /home/fangjiang/workspace/optee-os/out/arm-plat-mediatek/export-ta_arm64/lib/libutee.a(user_ta_entry.o)
 .debug_macro   0x0000000000002b6b      0x9c4 /home/fangjiang/workspace/optee-os/out/arm-plat-mediatek/export-ta_arm64/lib/libutee.a(user_ta_entry.o)
 .debug_macro   0x000000000000352f      0x4b4 /home/fangjiang/workspace/optee-os/out/arm-plat-mediatek/export-ta_arm64/lib/libutee.a(user_ta_entry.o)
 .debug_macro   0x00000000000039e3     0x15e6 /home/fangjiang/workspace/optee-os/out/arm-plat-mediatek/export-ta_arm64/lib/libutee.a(user_ta_entry.o)
 .debug_macro   0x0000000000004fc9       0x5f /home/fangjiang/workspace/optee-os/out/arm-plat-mediatek/export-ta_arm64/lib/libutee.a(user_ta_entry.o)
 .debug_macro   0x0000000000005028       0x16 /home/fangjiang/workspace/optee-os/out/arm-plat-mediatek/export-ta_arm64/lib/libutee.a(user_ta_entry.o)
 .debug_macro   0x000000000000503e      0x2e9 /home/fangjiang/workspace/optee-os/out/arm-plat-mediatek/export-ta_arm64/lib/libutee.a(user_ta_entry.o)
 .debug_macro   0x0000000000005327       0x34 /home/fangjiang/workspace/optee-os/out/arm-plat-mediatek/export-ta_arm64/lib/libutee.a(user_ta_entry.o)
 .debug_macro   0x000000000000535b      0x11d /home/fangjiang/workspace/optee-os/out/arm-plat-mediatek/export-ta_arm64/lib/libutee.a(abort.o)
 .debug_macro   0x0000000000005478      0x9c4 /home/fangjiang/workspace/optee-os/out/arm-plat-mediatek/export-ta_arm64/lib/libutee.a(abort.o)
 .debug_macro   0x0000000000005e3c       0xf1 /home/fangjiang/workspace/optee-os/out/arm-plat-mediatek/export-ta_arm64/lib/libutee.a(trace_ext.o)
 .debug_macro   0x0000000000005f2d      0x9c4 /home/fangjiang/workspace/optee-os/out/arm-plat-mediatek/export-ta_arm64/lib/libutee.a(trace_ext.o)
 .debug_macro   0x00000000000068f1       0xea /home/fangjiang/workspace/optee-os/out/arm-plat-mediatek/export-ta_arm64/lib/libutee.a(trace_ext.o)
 .debug_macro   0x00000000000069db      0x183 /home/fangjiang/workspace/optee-os/out/arm-plat-mediatek/export-ta_arm64/lib/libutee.a(tee_api.o)
 .debug_macro   0x0000000000006b5e      0x9c4 /home/fangjiang/workspace/optee-os/out/arm-plat-mediatek/export-ta_arm64/lib/libutee.a(tee_api.o)
 .debug_macro   0x0000000000007522      0x1af /home/fangjiang/workspace/optee-os/out/arm-plat-mediatek/export-ta_arm64/lib/libutee.a(tee_api_arith_mpi.o)
 .debug_macro   0x00000000000076d1      0x9c4 /home/fangjiang/workspace/optee-os/out/arm-plat-mediatek/export-ta_arm64/lib/libutee.a(tee_api_arith_mpi.o)
 .debug_macro   0x0000000000008095       0x10 /home/fangjiang/workspace/optee-os/out/arm-plat-mediatek/export-ta_arm64/lib/libutee.a(tee_api_arith_mpi.o)
 .debug_macro   0x00000000000080a5      0x124 /home/fangjiang/workspace/optee-os/out/arm-plat-mediatek/export-ta_arm64/lib/libutee.a(tee_api_arith_mpi.o)
 .debug_macro   0x00000000000081c9       0x12 /home/fangjiang/workspace/optee-os/out/arm-plat-mediatek/export-ta_arm64/lib/libutee.a(tee_api_arith_mpi.o)
 .debug_macro   0x00000000000081db       0x79 /home/fangjiang/workspace/optee-os/out/arm-plat-mediatek/export-ta_arm64/lib/libutee.a(tee_api_arith_mpi.o)
 .debug_macro   0x0000000000008254      0x1e9 /home/fangjiang/workspace/optee-os/out/arm-plat-mediatek/export-ta_arm64/lib/libutee.a(tee_api_arith_mpi.o)
 .debug_macro   0x000000000000843d      0x108 /home/fangjiang/workspace/optee-os/out/arm-plat-mediatek/export-ta_arm64/lib/libutee.a(tee_api_panic.o)
 .debug_macro   0x0000000000008545      0x9c4 /home/fangjiang/workspace/optee-os/out/arm-plat-mediatek/export-ta_arm64/lib/libutee.a(tee_api_panic.o)
 .debug_macro   0x0000000000008f09       0x28 /home/fangjiang/workspace/optee-os/out/arm-plat-mediatek/export-ta_arm64/lib/libutee.a(tee_api_panic.o)
 .debug_macro   0x0000000000008f31      0x13b /home/fangjiang/workspace/optee-os/out/arm-plat-mediatek/export-ta_arm64/lib/libutee.a(tee_system_pta.o)
 .debug_macro   0x000000000000906c      0x9c4 /home/fangjiang/workspace/optee-os/out/arm-plat-mediatek/export-ta_arm64/lib/libutee.a(tee_system_pta.o)
 .debug_macro   0x0000000000009a30       0x89 /home/fangjiang/workspace/optee-os/out/arm-plat-mediatek/export-ta_arm64/lib/libutee.a(tee_system_pta.o)
 .debug_macro   0x0000000000009ab9      0x189 /home/fangjiang/workspace/optee-os/out/arm-plat-mediatek/export-ta_arm64/lib/libutee.a(tcb.o)
 .debug_macro   0x0000000000009c42      0x9c4 /home/fangjiang/workspace/optee-os/out/arm-plat-mediatek/export-ta_arm64/lib/libutee.a(tcb.o)
 .debug_macro   0x000000000000a606       0x10 /home/fangjiang/workspace/optee-os/out/arm-plat-mediatek/export-ta_arm64/lib/libutee.a(tcb.o)
 .debug_macro   0x000000000000a616      0x106 /home/fangjiang/workspace/optee-os/out/arm-plat-mediatek/export-ta_arm64/lib/libutee.a(assert.o)
 .debug_macro   0x000000000000a71c      0x9c4 /home/fangjiang/workspace/optee-os/out/arm-plat-mediatek/export-ta_arm64/lib/libutee.a(assert.o)
 .debug_macro   0x000000000000b0e0      0x1c3 /home/fangjiang/workspace/optee-os/out/arm-plat-mediatek/export-ta_arm64/lib/libmbedtls.a(bignum.o)
 .debug_macro   0x000000000000b2a3      0x9c4 /home/fangjiang/workspace/optee-os/out/arm-plat-mediatek/export-ta_arm64/lib/libmbedtls.a(bignum.o)
 .debug_macro   0x000000000000bc67       0x2b /home/fangjiang/workspace/optee-os/out/arm-plat-mediatek/export-ta_arm64/lib/libmbedtls.a(bignum.o)
 .debug_macro   0x000000000000bc92       0x1e /home/fangjiang/workspace/optee-os/out/arm-plat-mediatek/export-ta_arm64/lib/libmbedtls.a(bignum.o)
 .debug_macro   0x000000000000bcb0       0x17 /home/fangjiang/workspace/optee-os/out/arm-plat-mediatek/export-ta_arm64/lib/libmbedtls.a(bignum.o)
 .debug_macro   0x000000000000bcc7       0x10 /home/fangjiang/workspace/optee-os/out/arm-plat-mediatek/export-ta_arm64/lib/libmbedtls.a(bignum.o)
 .debug_macro   0x000000000000bcd7      0x15c /home/fangjiang/workspace/optee-os/out/arm-plat-mediatek/export-ta_arm64/lib/libmbedtls.a(platform_util.o)
 .debug_macro   0x000000000000be33      0x9c4 /home/fangjiang/workspace/optee-os/out/arm-plat-mediatek/export-ta_arm64/lib/libmbedtls.a(platform_util.o)
 .debug_macro   0x000000000000c7f7       0x10 /home/fangjiang/workspace/optee-os/out/arm-plat-mediatek/export-ta_arm64/lib/libmbedtls.a(platform_util.o)
 .debug_macro   0x000000000000c807       0x7f /home/fangjiang/workspace/optee-os/out/arm-plat-mediatek/export-ta_arm64/lib/libmbedtls.a(platform_util.o)
 .debug_macro   0x000000000000c886       0x16 /home/fangjiang/workspace/optee-os/out/arm-plat-mediatek/export-ta_arm64/lib/libmbedtls.a(platform_util.o)
 .debug_macro   0x000000000000c89c      0x14d /home/fangjiang/workspace/optee-os/out/arm-plat-mediatek/export-ta_arm64/lib/libutils.a(bget_malloc.o)
 .debug_macro   0x000000000000c9e9      0x9c4 /home/fangjiang/workspace/optee-os/out/arm-plat-mediatek/export-ta_arm64/lib/libutils.a(bget_malloc.o)
 .debug_macro   0x000000000000d3ad       0x16 /home/fangjiang/workspace/optee-os/out/arm-plat-mediatek/export-ta_arm64/lib/libutils.a(bget_malloc.o)
 .debug_macro   0x000000000000d3c3       0x10 /home/fangjiang/workspace/optee-os/out/arm-plat-mediatek/export-ta_arm64/lib/libutils.a(bget_malloc.o)
 .debug_macro   0x000000000000d3d3       0x3c /home/fangjiang/workspace/optee-os/out/arm-plat-mediatek/export-ta_arm64/lib/libutils.a(bget_malloc.o)
 .debug_macro   0x000000000000d40f       0x4d /home/fangjiang/workspace/optee-os/out/arm-plat-mediatek/export-ta_arm64/lib/libutils.a(snprintf.o)
 .debug_macro   0x000000000000d45c      0x9c4 /home/fangjiang/workspace/optee-os/out/arm-plat-mediatek/export-ta_arm64/lib/libutils.a(snprintf.o)
 .debug_macro   0x000000000000de20       0x23 /home/fangjiang/workspace/optee-os/out/arm-plat-mediatek/export-ta_arm64/lib/libutils.a(stack_check.o)
 .debug_macro   0x000000000000de43      0x9c4 /home/fangjiang/workspace/optee-os/out/arm-plat-mediatek/export-ta_arm64/lib/libutils.a(stack_check.o)
 .debug_macro   0x000000000000e807       0x57 /home/fangjiang/workspace/optee-os/out/arm-plat-mediatek/export-ta_arm64/lib/libutils.a(memcpy.o)
 .debug_macro   0x000000000000e85e      0x9be /home/fangjiang/workspace/optee-os/out/arm-plat-mediatek/export-ta_arm64/lib/libutils.a(memcpy.o)
 .debug_macro   0x000000000000f21c       0x7c /home/fangjiang/workspace/optee-os/out/arm-plat-mediatek/export-ta_arm64/lib/libutils.a(memcpy.o)
 .debug_macro   0x000000000000f298       0x64 /home/fangjiang/workspace/optee-os/out/arm-plat-mediatek/export-ta_arm64/lib/libutils.a(memmove.o)
 .debug_macro   0x000000000000f2fc      0x9c4 /home/fangjiang/workspace/optee-os/out/arm-plat-mediatek/export-ta_arm64/lib/libutils.a(memmove.o)
 .debug_macro   0x000000000000fcc0       0x51 /home/fangjiang/workspace/optee-os/out/arm-plat-mediatek/export-ta_arm64/lib/libutils.a(memset.o)
 .debug_macro   0x000000000000fd11      0x9c4 /home/fangjiang/workspace/optee-os/out/arm-plat-mediatek/export-ta_arm64/lib/libutils.a(memset.o)
 .debug_macro   0x00000000000106d5       0x5a /home/fangjiang/workspace/optee-os/out/arm-plat-mediatek/export-ta_arm64/lib/libutils.a(strlen.o)
 .debug_macro   0x000000000001072f      0x9c4 /home/fangjiang/workspace/optee-os/out/arm-plat-mediatek/export-ta_arm64/lib/libutils.a(strlen.o)
 .debug_macro   0x00000000000110f3      0x13d /home/fangjiang/workspace/optee-os/out/arm-plat-mediatek/export-ta_arm64/lib/libutils.a(snprintk.o)
 .debug_macro   0x0000000000011230      0x9c4 /home/fangjiang/workspace/optee-os/out/arm-plat-mediatek/export-ta_arm64/lib/libutils.a(snprintk.o)
 .debug_macro   0x0000000000011bf4       0xd6 /home/fangjiang/workspace/optee-os/out/arm-plat-mediatek/export-ta_arm64/lib/libutils.a(trace.o)
 .debug_macro   0x0000000000011cca      0x9c4 /home/fangjiang/workspace/optee-os/out/arm-plat-mediatek/export-ta_arm64/lib/libutils.a(trace.o)
 .debug_macro   0x000000000001268e       0xed /home/fangjiang/workspace/optee-os/out/arm-plat-mediatek/export-ta_arm64/lib/libutils.a(mempool.o)
 .debug_macro   0x000000000001277b      0x9c4 /home/fangjiang/workspace/optee-os/out/arm-plat-mediatek/export-ta_arm64/lib/libutils.a(mempool.o)
 .debug_macro   0x000000000001313f       0x3f /home/fangjiang/workspace/optee-os/out/arm-plat-mediatek/export-ta_arm64/lib/libutils.a(consttime_memcmp.o)
 .debug_macro   0x000000000001317e      0x9c4 /home/fangjiang/workspace/optee-os/out/arm-plat-mediatek/export-ta_arm64/lib/libutils.a(consttime_memcmp.o)
 .debug_macro   0x0000000000013b42       0x66 /home/fangjiang/workspace/optee-os/out/arm-plat-mediatek/export-ta_arm64/lib/libutils.a(memchr.o)
 .debug_macro   0x0000000000013ba8      0x9c4 /home/fangjiang/workspace/optee-os/out/arm-plat-mediatek/export-ta_arm64/lib/libutils.a(memchr.o)

.debug_line     0x0000000000000000     0x9f0f
 .debug_line    0x0000000000000000      0x25f ./store_stride_ta.o
 .debug_line    0x000000000000025f      0x103 ./user_ta_header.o
 .debug_line    0x0000000000000362      0x507 /home/fangjiang/workspace/optee-os/out/arm-plat-mediatek/export-ta_arm64/lib/libutee.a(utee_syscalls_a64.o)
 .debug_line    0x0000000000000869      0x788 /home/fangjiang/workspace/optee-os/out/arm-plat-mediatek/export-ta_arm64/lib/libutee.a(user_ta_entry.o)
 .debug_line    0x0000000000000ff1       0xea /home/fangjiang/workspace/optee-os/out/arm-plat-mediatek/export-ta_arm64/lib/libutee.a(abort.o)
 .debug_line    0x00000000000010db      0x191 /home/fangjiang/workspace/optee-os/out/arm-plat-mediatek/export-ta_arm64/lib/libutee.a(trace_ext.o)
 .debug_line    0x000000000000126c      0x7a1 /home/fangjiang/workspace/optee-os/out/arm-plat-mediatek/export-ta_arm64/lib/libutee.a(tee_api.o)
 .debug_line    0x0000000000001a0d     0x1614 /home/fangjiang/workspace/optee-os/out/arm-plat-mediatek/export-ta_arm64/lib/libutee.a(tee_api_arith_mpi.o)
 .debug_line    0x0000000000003021      0x221 /home/fangjiang/workspace/optee-os/out/arm-plat-mediatek/export-ta_arm64/lib/libutee.a(tee_api_panic.o)
 .debug_line    0x0000000000003242      0x28e /home/fangjiang/workspace/optee-os/out/arm-plat-mediatek/export-ta_arm64/lib/libutee.a(tee_system_pta.o)
 .debug_line    0x00000000000034d0      0x3af /home/fangjiang/workspace/optee-os/out/arm-plat-mediatek/export-ta_arm64/lib/libutee.a(tcb.o)
 .debug_line    0x000000000000387f      0x106 /home/fangjiang/workspace/optee-os/out/arm-plat-mediatek/export-ta_arm64/lib/libutee.a(assert.o)
 .debug_line    0x0000000000003985     0x43e8 /home/fangjiang/workspace/optee-os/out/arm-plat-mediatek/export-ta_arm64/lib/libmbedtls.a(bignum.o)
 .debug_line    0x0000000000007d6d       0xf5 /home/fangjiang/workspace/optee-os/out/arm-plat-mediatek/export-ta_arm64/lib/libmbedtls.a(platform_util.o)
 .debug_line    0x0000000000007e62      0xdfc /home/fangjiang/workspace/optee-os/out/arm-plat-mediatek/export-ta_arm64/lib/libutils.a(bget_malloc.o)
 .debug_line    0x0000000000008c5e       0xd1 /home/fangjiang/workspace/optee-os/out/arm-plat-mediatek/export-ta_arm64/lib/libutils.a(snprintf.o)
 .debug_line    0x0000000000008d2f       0x6f /home/fangjiang/workspace/optee-os/out/arm-plat-mediatek/export-ta_arm64/lib/libutils.a(stack_check.o)
 .debug_line    0x0000000000008d9e      0x148 /home/fangjiang/workspace/optee-os/out/arm-plat-mediatek/export-ta_arm64/lib/libutils.a(memcpy.o)
 .debug_line    0x0000000000008ee6       0xd1 /home/fangjiang/workspace/optee-os/out/arm-plat-mediatek/export-ta_arm64/lib/libutils.a(memmove.o)
 .debug_line    0x0000000000008fb7       0x9a /home/fangjiang/workspace/optee-os/out/arm-plat-mediatek/export-ta_arm64/lib/libutils.a(memset.o)
 .debug_line    0x0000000000009051       0x9d /home/fangjiang/workspace/optee-os/out/arm-plat-mediatek/export-ta_arm64/lib/libutils.a(strlen.o)
 .debug_line    0x00000000000090ee      0x801 /home/fangjiang/workspace/optee-os/out/arm-plat-mediatek/export-ta_arm64/lib/libutils.a(snprintk.o)
 .debug_line    0x00000000000098ef      0x284 /home/fangjiang/workspace/optee-os/out/arm-plat-mediatek/export-ta_arm64/lib/libutils.a(trace.o)
 .debug_line    0x0000000000009b73      0x1cb /home/fangjiang/workspace/optee-os/out/arm-plat-mediatek/export-ta_arm64/lib/libutils.a(mempool.o)
 .debug_line    0x0000000000009d3e      0x129 /home/fangjiang/workspace/optee-os/out/arm-plat-mediatek/export-ta_arm64/lib/libutils.a(consttime_memcmp.o)
 .debug_line    0x0000000000009e67       0xa8 /home/fangjiang/workspace/optee-os/out/arm-plat-mediatek/export-ta_arm64/lib/libutils.a(memchr.o)

.debug_str      0x0000000000000000    0x17170
 .debug_str     0x0000000000000000     0x87ae ./store_stride_ta.o
                                       0x8944 (size before relaxing)
 .debug_str     0x00000000000087ae     0x1189 ./user_ta_header.o
                                       0x9953 (size before relaxing)
 .debug_str     0x0000000000009937       0x58 /home/fangjiang/workspace/optee-os/out/arm-plat-mediatek/export-ta_arm64/lib/libutee.a(utee_syscalls_a64.o)
 .debug_str     0x000000000000998f     0x88d2 /home/fangjiang/workspace/optee-os/out/arm-plat-mediatek/export-ta_arm64/lib/libutee.a(user_ta_entry.o)
                                      0x11f8a (size before relaxing)
 .debug_str     0x0000000000012261       0x3b /home/fangjiang/workspace/optee-os/out/arm-plat-mediatek/export-ta_arm64/lib/libutee.a(abort.o)
                                       0x93a2 (size before relaxing)
 .debug_str     0x000000000001229c       0xc1 /home/fangjiang/workspace/optee-os/out/arm-plat-mediatek/export-ta_arm64/lib/libutee.a(trace_ext.o)
                                       0x9c0e (size before relaxing)
 .debug_str     0x000000000001235d      0x4d8 /home/fangjiang/workspace/optee-os/out/arm-plat-mediatek/export-ta_arm64/lib/libutee.a(tee_api.o)
                                       0xabe4 (size before relaxing)
 .debug_str     0x0000000000012835     0x1d25 /home/fangjiang/workspace/optee-os/out/arm-plat-mediatek/export-ta_arm64/lib/libutee.a(tee_api_arith_mpi.o)
                                       0xbfe4 (size before relaxing)
 .debug_str     0x000000000001455a      0x2bd /home/fangjiang/workspace/optee-os/out/arm-plat-mediatek/export-ta_arm64/lib/libutee.a(tee_api_panic.o)
                                       0x9e64 (size before relaxing)
 .debug_str     0x0000000000014817      0x341 /home/fangjiang/workspace/optee-os/out/arm-plat-mediatek/export-ta_arm64/lib/libutee.a(tee_system_pta.o)
                                       0xa627 (size before relaxing)
 .debug_str     0x0000000000014b58      0x26a /home/fangjiang/workspace/optee-os/out/arm-plat-mediatek/export-ta_arm64/lib/libutee.a(tcb.o)
                                      0x1172a (size before relaxing)
 .debug_str     0x0000000000014dc2       0x2b /home/fangjiang/workspace/optee-os/out/arm-plat-mediatek/export-ta_arm64/lib/libutee.a(assert.o)
                                       0x9870 (size before relaxing)
 .debug_str     0x0000000000014ded      0xc38 /home/fangjiang/workspace/optee-os/out/arm-plat-mediatek/export-ta_arm64/lib/libmbedtls.a(bignum.o)
                                       0x78c1 (size before relaxing)
 .debug_str     0x0000000000015a25      0x3d0 /home/fangjiang/workspace/optee-os/out/arm-plat-mediatek/export-ta_arm64/lib/libmbedtls.a(platform_util.o)
                                       0x61a9 (size before relaxing)
 .debug_str     0x0000000000015df5      0x5f8 /home/fangjiang/workspace/optee-os/out/arm-plat-mediatek/export-ta_arm64/lib/libutils.a(bget_malloc.o)
                                       0x6cee (size before relaxing)
 .debug_str     0x00000000000163ed       0x46 /home/fangjiang/workspace/optee-os/out/arm-plat-mediatek/export-ta_arm64/lib/libutils.a(snprintf.o)
                                       0x459b (size before relaxing)
 .debug_str     0x0000000000016433       0x3e /home/fangjiang/workspace/optee-os/out/arm-plat-mediatek/export-ta_arm64/lib/libutils.a(stack_check.o)
                                       0x477f (size before relaxing)
 .debug_str     0x0000000000016471      0x379 /home/fangjiang/workspace/optee-os/out/arm-plat-mediatek/export-ta_arm64/lib/libutils.a(memcpy.o)
                                       0x4658 (size before relaxing)
 .debug_str     0x00000000000167ea      0x11a /home/fangjiang/workspace/optee-os/out/arm-plat-mediatek/export-ta_arm64/lib/libutils.a(memmove.o)
                                       0x483b (size before relaxing)
 .debug_str     0x0000000000016904       0x96 /home/fangjiang/workspace/optee-os/out/arm-plat-mediatek/export-ta_arm64/lib/libutils.a(memset.o)
                                       0x45f2 (size before relaxing)
 .debug_str     0x000000000001699a       0x78 /home/fangjiang/workspace/optee-os/out/arm-plat-mediatek/export-ta_arm64/lib/libutils.a(strlen.o)
                                       0x47da (size before relaxing)
 .debug_str     0x0000000000016a12      0x58e /home/fangjiang/workspace/optee-os/out/arm-plat-mediatek/export-ta_arm64/lib/libutils.a(snprintk.o)
                                       0x5a2f (size before relaxing)